Component: ARM Compiler 5.06 update 6 (build 750) Tool: armlink [4d35ed]

==============================================================================

Section Cross References

    startup_stm32f429_439xx.o(RESET) refers to startup_stm32f429_439xx.o(STACK) for __initial_sp
    startup_stm32f429_439xx.o(RESET) refers to startup_stm32f429_439xx.o(.text) for Reset_Handler
    startup_stm32f429_439xx.o(RESET) refers to stm32f4xx_it.o(i.NMI_Handler) for NMI_Handler
    startup_stm32f429_439xx.o(RESET) refers to stm32f4xx_it.o(i.HardFault_Handler) for HardFault_Handler
    startup_stm32f429_439xx.o(RESET) refers to stm32f4xx_it.o(i.MemManage_Handler) for MemManage_Handler
    startup_stm32f429_439xx.o(RESET) refers to stm32f4xx_it.o(i.BusFault_Handler) for BusFault_Handler
    startup_stm32f429_439xx.o(RESET) refers to stm32f4xx_it.o(i.UsageFault_Handler) for UsageFault_Handler
    startup_stm32f429_439xx.o(RESET) refers to stm32f4xx_it.o(i.SVC_Handler) for SVC_Handler
    startup_stm32f429_439xx.o(RESET) refers to stm32f4xx_it.o(i.DebugMon_Handler) for DebugMon_Handler
    startup_stm32f429_439xx.o(RESET) refers to stm32f4xx_it.o(i.PendSV_Handler) for PendSV_Handler
    startup_stm32f429_439xx.o(RESET) refers to stm32f4xx_it.o(i.SysTick_Handler) for SysTick_Handler
    startup_stm32f429_439xx.o(RESET) refers to main.o(i.TIM1_BRK_TIM9_IRQHandler) for TIM1_BRK_TIM9_IRQHandler
    startup_stm32f429_439xx.o(RESET) refers to usart.o(i.USART1_IRQHandler) for USART1_IRQHandler
    startup_stm32f429_439xx.o(.text) refers to system_stm32f4xx.o(i.SystemInit) for SystemInit
    startup_stm32f429_439xx.o(.text) refers to entry.o(.ARM.Collect$$$$00000000) for __main
    system_stm32f4xx.o(i.SystemCoreClockUpdate) refers to system_stm32f4xx.o(.data) for .data
    system_stm32f4xx.o(i.SystemInit) refers to system_stm32f4xx.o(i.SetSysClock) for SetSysClock
    stm32f4xx_adc.o(i.ADC_DeInit) refers to stm32f4xx_rcc.o(i.RCC_APB2PeriphResetCmd) for RCC_APB2PeriphResetCmd
    stm32f4xx_can.o(i.CAN_DeInit) refers to stm32f4xx_rcc.o(i.RCC_APB1PeriphResetCmd) for RCC_APB1PeriphResetCmd
    stm32f4xx_can.o(i.CAN_GetITStatus) refers to stm32f4xx_can.o(i.CheckITStatus) for CheckITStatus
    stm32f4xx_cryp.o(i.CRYP_DeInit) refers to stm32f4xx_rcc.o(i.RCC_AHB2PeriphResetCmd) for RCC_AHB2PeriphResetCmd
    stm32f4xx_cryp_aes.o(i.CRYP_AES_CBC) refers to stm32f4xx_cryp.o(i.CRYP_KeyStructInit) for CRYP_KeyStructInit
    stm32f4xx_cryp_aes.o(i.CRYP_AES_CBC) refers to stm32f4xx_cryp.o(i.CRYP_KeyInit) for CRYP_KeyInit
    stm32f4xx_cryp_aes.o(i.CRYP_AES_CBC) refers to stm32f4xx_cryp.o(i.CRYP_Init) for CRYP_Init
    stm32f4xx_cryp_aes.o(i.CRYP_AES_CBC) refers to stm32f4xx_cryp.o(i.CRYP_IVInit) for CRYP_IVInit
    stm32f4xx_cryp_aes.o(i.CRYP_AES_CBC) refers to stm32f4xx_cryp.o(i.CRYP_FIFOFlush) for CRYP_FIFOFlush
    stm32f4xx_cryp_aes.o(i.CRYP_AES_CBC) refers to stm32f4xx_cryp.o(i.CRYP_Cmd) for CRYP_Cmd
    stm32f4xx_cryp_aes.o(i.CRYP_AES_CBC) refers to stm32f4xx_cryp.o(i.CRYP_GetCmdStatus) for CRYP_GetCmdStatus
    stm32f4xx_cryp_aes.o(i.CRYP_AES_CBC) refers to stm32f4xx_cryp.o(i.CRYP_GetFlagStatus) for CRYP_GetFlagStatus
    stm32f4xx_cryp_aes.o(i.CRYP_AES_CBC) refers to stm32f4xx_cryp.o(i.CRYP_DataIn) for CRYP_DataIn
    stm32f4xx_cryp_aes.o(i.CRYP_AES_CBC) refers to stm32f4xx_cryp.o(i.CRYP_DataOut) for CRYP_DataOut
    stm32f4xx_cryp_aes.o(i.CRYP_AES_CCM) refers to stm32f4xx_cryp.o(i.CRYP_KeyStructInit) for CRYP_KeyStructInit
    stm32f4xx_cryp_aes.o(i.CRYP_AES_CCM) refers to stm32f4xx_cryp.o(i.CRYP_FIFOFlush) for CRYP_FIFOFlush
    stm32f4xx_cryp_aes.o(i.CRYP_AES_CCM) refers to stm32f4xx_cryp.o(i.CRYP_KeyInit) for CRYP_KeyInit
    stm32f4xx_cryp_aes.o(i.CRYP_AES_CCM) refers to stm32f4xx_cryp.o(i.CRYP_IVInit) for CRYP_IVInit
    stm32f4xx_cryp_aes.o(i.CRYP_AES_CCM) refers to stm32f4xx_cryp.o(i.CRYP_Init) for CRYP_Init
    stm32f4xx_cryp_aes.o(i.CRYP_AES_CCM) refers to stm32f4xx_cryp.o(i.CRYP_PhaseConfig) for CRYP_PhaseConfig
    stm32f4xx_cryp_aes.o(i.CRYP_AES_CCM) refers to stm32f4xx_cryp.o(i.CRYP_DataIn) for CRYP_DataIn
    stm32f4xx_cryp_aes.o(i.CRYP_AES_CCM) refers to stm32f4xx_cryp.o(i.CRYP_Cmd) for CRYP_Cmd
    stm32f4xx_cryp_aes.o(i.CRYP_AES_CCM) refers to stm32f4xx_cryp.o(i.CRYP_GetCmdStatus) for CRYP_GetCmdStatus
    stm32f4xx_cryp_aes.o(i.CRYP_AES_CCM) refers to stm32f4xx_cryp.o(i.CRYP_GetFlagStatus) for CRYP_GetFlagStatus
    stm32f4xx_cryp_aes.o(i.CRYP_AES_CCM) refers to stm32f4xx_cryp.o(i.CRYP_DataOut) for CRYP_DataOut
    stm32f4xx_cryp_aes.o(i.CRYP_AES_CTR) refers to stm32f4xx_cryp.o(i.CRYP_KeyStructInit) for CRYP_KeyStructInit
    stm32f4xx_cryp_aes.o(i.CRYP_AES_CTR) refers to stm32f4xx_cryp.o(i.CRYP_KeyInit) for CRYP_KeyInit
    stm32f4xx_cryp_aes.o(i.CRYP_AES_CTR) refers to stm32f4xx_cryp.o(i.CRYP_Init) for CRYP_Init
    stm32f4xx_cryp_aes.o(i.CRYP_AES_CTR) refers to stm32f4xx_cryp.o(i.CRYP_IVInit) for CRYP_IVInit
    stm32f4xx_cryp_aes.o(i.CRYP_AES_CTR) refers to stm32f4xx_cryp.o(i.CRYP_FIFOFlush) for CRYP_FIFOFlush
[...]
    ..\\..\\Libraries\\STM32F4xx_StdPeriph_Driver\\src\\stm32f4xx_cryp_tdes.c 0x00000000   Number         0  stm32f4xx_cryp_tdes.o ABSOLUTE
    ..\\..\\Libraries\\STM32F4xx_StdPeriph_Driver\\src\\stm32f4xx_dac.c 0x00000000   Number         0  stm32f4xx_dac.o ABSOLUTE
    ..\\..\\Libraries\\STM32F4xx_StdPeriph_Driver\\src\\stm32f4xx_dbgmcu.c 0x00000000   Number         0  stm32f4xx_dbgmcu.o ABSOLUTE
    ..\\..\\Libraries\\STM32F4xx_StdPeriph_Driver\\src\\stm32f4xx_dcmi.c 0x00000000   Number         0  stm32f4xx_dcmi.o ABSOLUTE
    ..\\..\\Libraries\\STM32F4xx_StdPeriph_Driver\\src\\stm32f4xx_dma.c 0x00000000   Number         0  stm32f4xx_dma.o ABSOLUTE
    ..\\..\\Libraries\\STM32F4xx_StdPeriph_Driver\\src\\stm32f4xx_dma2d.c 0x00000000   Number         0  stm32f4xx_dma2d.o ABSOLUTE
    ..\\..\\Libraries\\STM32F4xx_StdPeriph_Driver\\src\\stm32f4xx_exti.c 0x00000000   Number         0  stm32f4xx_exti.o ABSOLUTE
    ..\\..\\Libraries\\STM32F4xx_StdPeriph_Driver\\src\\stm32f4xx_flash.c 0x00000000   Number         0  stm32f4xx_flash.o ABSOLUTE
    ..\\..\\Libraries\\STM32F4xx_StdPeriph_Driver\\src\\stm32f4xx_flash_ramfunc.c 0x00000000   Number         0  stm32f4xx_flash_ramfunc.o ABSOLUTE
    ..\\..\\Libraries\\STM32F4xx_StdPeriph_Driver\\src\\stm32f4xx_fmc.c 0x00000000   Number         0  stm32f4xx_fmc.o ABSOLUTE
    ..\\..\\Libraries\\STM32F4xx_StdPeriph_Driver\\src\\stm32f4xx_fmpi2c.c 0x00000000   Number         0  stm32f4xx_fmpi2c.o ABSOLUTE
    ..\\..\\Libraries\\STM32F4xx_StdPeriph_Driver\\src\\stm32f4xx_gpio.c 0x00000000   Number         0  stm32f4xx_gpio.o ABSOLUTE
    ..\\..\\Libraries\\STM32F4xx_StdPeriph_Driver\\src\\stm32f4xx_hash.c 0x00000000   Number         0  stm32f4xx_hash.o ABSOLUTE
    ..\\..\\Libraries\\STM32F4xx_StdPeriph_Driver\\src\\stm32f4xx_hash_md5.c 0x00000000   Number         0  stm32f4xx_hash_md5.o ABSOLUTE
    ..\\..\\Libraries\\STM32F4xx_StdPeriph_Driver\\src\\stm32f4xx_hash_sha1.c 0x00000000   Number         0  stm32f4xx_hash_sha1.o ABSOLUTE
    ..\\..\\Libraries\\STM32F4xx_StdPeriph_Driver\\src\\stm32f4xx_i2c.c 0x00000000   Number         0  stm32f4xx_i2c.o ABSOLUTE
    ..\\..\\Libraries\\STM32F4xx_StdPeriph_Driver\\src\\stm32f4xx_iwdg.c 0x00000000   Number         0  stm32f4xx_iwdg.o ABSOLUTE
    ..\\..\\Libraries\\STM32F4xx_StdPeriph_Driver\\src\\stm32f4xx_ltdc.c 0x00000000   Number         0  stm32f4xx_ltdc.o ABSOLUTE
    ..\\..\\Libraries\\STM32F4xx_StdPeriph_Driver\\src\\stm32f4xx_pwr.c 0x00000000   Number         0  stm32f4xx_pwr.o ABSOLUTE
    ..\\..\\Libraries\\STM32F4xx_StdPeriph_Driver\\src\\stm32f4xx_qspi.c 0x00000000   Number         0  stm32f4xx_qspi.o ABSOLUTE
    ..\\..\\Libraries\\STM32F4xx_StdPeriph_Driver\\src\\stm32f4xx_rcc.c 0x00000000   Number         0  stm32f4xx_rcc.o ABSOLUTE
    ..\\..\\Libraries\\STM32F4xx_StdPeriph_Driver\\src\\stm32f4xx_rng.c 0x00000000   Number         0  stm32f4xx_rng.o ABSOLUTE
    ..\\..\\Libraries\\STM32F4xx_StdPeriph_Driver\\src\\stm32f4xx_rtc.c 0x00000000   Number         0  stm32f4xx_rtc.o ABSOLUTE
    ..\\..\\Libraries\\STM32F4xx_StdPeriph_Driver\\src\\stm32f4xx_sai.c 0x00000000   Number         0  stm32f4xx_sai.o ABSOLUTE
    ..\\..\\Libraries\\STM32F4xx_StdPeriph_Driver\\src\\stm32f4xx_sdio.c 0x00000000   Number         0  stm32f4xx_sdio.o ABSOLUTE
    ..\\..\\Libraries\\STM32F4xx_StdPeriph_Driver\\src\\stm32f4xx_spdifrx.c 0x00000000   Number         0  stm32f4xx_spdifrx.o ABSOLUTE
    ..\\..\\Libraries\\STM32F4xx_StdPeriph_Driver\\src\\stm32f4xx_spi.c 0x00000000   Number         0  stm32f4xx_spi.o ABSOLUTE
    ..\\..\\Libraries\\STM32F4xx_StdPeriph_Driver\\src\\stm32f4xx_syscfg.c 0x00000000   Number         0  stm32f4xx_syscfg.o ABSOLUTE
    ..\\..\\Libraries\\STM32F4xx_StdPeriph_Driver\\src\\stm32f4xx_tim.c 0x00000000   Number         0  stm32f4xx_tim.o ABSOLUTE
    ..\\..\\Libraries\\STM32F4xx_StdPeriph_Driver\\src\\stm32f4xx_usart.c 0x00000000   Number         0  stm32f4xx_usart.o ABSOLUTE
    ..\\..\\Libraries\\STM32F4xx_StdPeriph_Driver\\src\\stm32f4xx_wwdg.c 0x00000000   Number         0  stm32f4xx_wwdg.o ABSOLUTE
    ..\\..\\Libraries\\usart\\usart.c        0x00000000   Number         0  usart.o ABSOLUTE
    ..\\..\\User\\main.c                     0x00000000   Number         0  main.o ABSOLUTE
    ..\\..\\User\\stm32f4xx_it.c             0x00000000   Number         0  stm32f4xx_it.o ABSOLUTE
    cdcmple.s                                0x00000000   Number         0  cdcmple.o ABSOLUTE
    cdrcmple.s                               0x00000000   Number         0  cdrcmple.o ABSOLUTE
    dc.s                                     0x00000000   Number         0  dc.o ABSOLUTE
    handlers.s                               0x00000000   Number         0  handlers.o ABSOLUTE
    init.s                                   0x00000000   Number         0  init.o ABSOLUTE
    RESET                                    0x08000000   Section      428  startup_stm32f429_439xx.o(RESET)
    .ARM.Collect$$$$00000000                 0x080001ac   Section        0  entry.o(.ARM.Collect$$$$00000000)
    .ARM.Collect$$$$00000001                 0x080001ac   Section        4  entry2.o(.ARM.Collect$$$$00000001)
    .ARM.Collect$$$$00000004                 0x080001b0   Section        4  entry5.o(.ARM.Collect$$$$00000004)
    .ARM.Collect$$$$00000008                 0x080001b4   Section        0  entry7b.o(.ARM.Collect$$$$00000008)
    .ARM.Collect$$$$0000000A                 0x080001b4   Section        0  entry8b.o(.ARM.Collect$$$$0000000A)
    .ARM.Collect$$$$0000000B                 0x080001b4   Section        8  entry9a.o(.ARM.Collect$$$$0000000B)
    .ARM.Collect$$$$0000000D                 0x080001bc   Section        0  entry10a.o(.ARM.Collect$$$$0000000D)
    .ARM.Collect$$$$0000000F                 0x080001bc   Section        0  entry11a.o(.ARM.Collect$$$$0000000F)
    .ARM.Collect$$$$00002712                 0x080001bc   Section        4  entry2.o(.ARM.Collect$$$$00002712)
    __lit__00000000                          0x080001bc   Data           4  entry2.o(.ARM.Collect$$$$00002712)
    .text                                    0x080001c0   Section       36  startup_stm32f429_439xx.o(.text)
    $v0                                      0x080001c0   Number         0  startup_stm32f429_439xx.o(.text)
    .text                                    0x080001e4   Section        0  ldiv.o(.text)
    .text                                    0x08000246   Section        0  memseta.o(.text)
    .text                                    0x0800026a   Section        0  memcmp.o(.text)
    .text                                    0x08000284   Section        0  dadd.o(.text)
    .text                                    0x080003d2   Section        0  dmul.o(.text)
    .text                                    0x080004b6   Section        0  ddiv.o(.text)
    .text                                    0x08000594   Section        0  dflti.o(.text)
    .text                                    0x080005b6   Section        0  f2d.o(.text)
    .text                                    0x080005dc   Section        0  d2f.o(.text)
    .text                                    0x08000614   Section        0  uidiv.o(.text)
    .text                                    0x08000640   Section        0  uldiv.o(.text)
    .text                                    0x080006a2   Section        0  llshl.o(.text)
    .text                                    0x080006c0   Section        0  llsshr.o(.text)
    .text                                    0x080006e4   Section        0  fepilogue.o(.text)
    .text                                    0x080006e4   Section        0  iusefp.o(.text)
    .text                                    0x08000752   Section        0  depilogue.o(.text)
    .text                                    0x0800080c   Section        0  dfixul.o(.text)
    .text                                    0x0800083c   Section       48  cdrcmple.o(.text)
    .text                                    0x0800086c   Section       36  init.o(.text)
    .text                                    0x08000890   Section        0  llushr.o(.text)
    .text                                    0x080008b0   Section        0  dsqrt.o(.text)
    i.BusFault_Handler                       0x08000952   Section        0  stm32f4xx_it.o(i.BusFault_Handler)
    i.DebugMon_Handler                       0x08000954   Section        0  stm32f4xx_it.o(i.DebugMon_Handler)
    i.GPIO_Init                              0x08000956   Section        0  stm32f4xx_gpio.o(i.GPIO_Init)
    i.GPIO_PinAFConfig                       0x080009d2   Section        0  stm32f4xx_gpio.o(i.GPIO_PinAFConfig)
    i.HardFault_Handler                      0x080009f2   Section        0  stm32f4xx_it.o(i.HardFault_Handler)
    i.IIC_Ack                                0x080009f4   Section        0  myiic.o(i.IIC_Ack)
    i.IIC_Init                               0x08000a2c   Section        0  myiic.o(i.IIC_Init)
    i.IIC_NAck                               0x08000a68   Section        0  myiic.o(i.IIC_NAck)
    i.IIC_Read_Byte                          0x08000aa0   Section        0  myiic.o(i.IIC_Read_Byte)
    i.IIC_Send_Byte                          0x08000b08   Section        0  myiic.o(i.IIC_Send_Byte)
    i.IIC_Start                              0x08000b68   Section        0  myiic.o(i.IIC_Start)
    i.IIC_Stop                               0x08000ba0   Section        0  myiic.o(i.IIC_Stop)
    i.IIC_Wait_Ack                           0x08000bdc   Section        0  myiic.o(i.IIC_Wait_Ack)
    i.MPU_Get_Accelerometer                  0x08000c30   Section        0  mpu6050.o(i.MPU_Get_Accelerometer)
    i.MPU_Get_Temperature                    0x08000c74   Section        0  mpu6050.o(i.MPU_Get_Temperature)
    i.MPU_Init                               0x08000cdc   Section        0  mpu6050.o(i.MPU_Init)
    i.MPU_Read_Byte                          0x08000d52   Section        0  mpu6050.o(i.MPU_Read_Byte)
    i.MPU_Read_Len                           0x08000d8c   Section        0  mpu6050.o(i.MPU_Read_Len)
    i.MPU_Set_Accel_Fsr                      0x08000dfc   Section        0  mpu6050.o(i.MPU_Set_Accel_Fsr)
    i.MPU_Set_Gyro_Fsr                       0x08000e06   Section        0  mpu6050.o(i.MPU_Set_Gyro_Fsr)
    i.MPU_Set_LPF                            0x08000e10   Section        0  mpu6050.o(i.MPU_Set_LPF)
    i.MPU_Set_Rate                           0x08000e40   Section        0  mpu6050.o(i.MPU_Set_Rate)
    i.MPU_Write_Byte                         0x08000e6c   Section        0  mpu6050.o(i.MPU_Write_Byte)
    i.MPU_Write_Len                          0x08000eb0   Section        0  mpu6050.o(i.MPU_Write_Len)
    i.MemManage_Handler                      0x08000f0a   Section        0  stm32f4xx_it.o(i.MemManage_Handler)
    i.NMI_Handler                            0x08000f0c   Section        0  stm32f4xx_it.o(i.NMI_Handler)
    i.NVIC_Init                              0x08000f10   Section        0  misc.o(i.NVIC_Init)
    i.NVIC_PriorityGroupConfig               0x08000f78   Section        0  misc.o(i.NVIC_PriorityGroupConfig)
    i.OLED_Clear                             0x08000f8c   Section        0  oled.o(i.OLED_Clear)
    i.OLED_DrawPoint                         0x08000fb4   Section        0  oled.o(i.OLED_DrawPoint)
    i.OLED_Init                              0x08000ff0   Section        0  oled.o(i.OLED_Init)
    i.OLED_Refresh_Gram                      0x0800114c   Section        0  oled.o(i.OLED_Refresh_Gram)
    i.OLED_ShowChar                          0x08001194   Section        0  oled.o(i.OLED_ShowChar)
    i.OLED_ShowString                        0x0800125c   Section        0  oled.o(i.OLED_ShowString)
    i.OLED_WR_Byte                           0x080012ac   Section        0  oled.o(i.OLED_WR_Byte)
    i.PendSV_Handler                         0x08001304   Section        0  stm32f4xx_it.o(i.PendSV_Handler)
    i.RCC_AHB1PeriphClockCmd                 0x08001308   Section        0  stm32f4xx_rcc.o(i.RCC_AHB1PeriphClockCmd)
    i.RCC_APB2PeriphClockCmd                 0x08001324   Section        0  stm32f4xx_rcc.o(i.RCC_APB2PeriphClockCmd)
    i.RCC_GetClocksFreq                      0x08001340   Section        0  stm32f4xx_rcc.o(i.RCC_GetClocksFreq)
    i.SVC_Handler                            0x080013e4   Section        0  stm32f4xx_it.o(i.SVC_Handler)
    i.SetSysClock                            0x080013e8   Section        0  system_stm32f4xx.o(i.SetSysClock)
    SetSysClock                              0x080013e9   Thumb Code   196  system_stm32f4xx.o(i.SetSysClock)
    i.SysTick_CLKSourceConfig                0x080014bc   Section        0  misc.o(i.SysTick_CLKSourceConfig)
    i.SysTick_Handler                        0x080014d8   Section        0  stm32f4xx_it.o(i.SysTick_Handler)
    i.SystemInit                             0x080014dc   Section        0  system_stm32f4xx.o(i.SystemInit)
    i.TIM1_BRK_TIM9_IRQHandler               0x08001538   Section        0  main.o(i.TIM1_BRK_TIM9_IRQHandler)
    i.TIM_ARRPreloadConfig                   0x08001544   Section        0  stm32f4xx_tim.o(i.TIM_ARRPreloadConfig)
    i.TIM_ClearFlag                          0x0800155c   Section        0  stm32f4xx_tim.o(i.TIM_ClearFlag)
    i.TIM_Cmd                                0x08001562   Section        0  stm32f4xx_tim.o(i.TIM_Cmd)
    i.TIM_ITConfig                           0x0800157a   Section        0  stm32f4xx_tim.o(i.TIM_ITConfig)
    i.TIM_OC1Init                            0x08001590   Section        0  stm32f4xx_tim.o(i.TIM_OC1Init)
    i.TIM_OC1PreloadConfig                   0x080015f8   Section        0  stm32f4xx_tim.o(i.TIM_OC1PreloadConfig)
    i.TIM_OC2Init                            0x08001604   Section        0  stm32f4xx_tim.o(i.TIM_OC2Init)
    i.TIM_OC2PreloadConfig                   0x0800168c   Section        0  stm32f4xx_tim.o(i.TIM_OC2PreloadConfig)
    i.TIM_SetCompare1                        0x080016a0   Section        0  stm32f4xx_tim.o(i.TIM_SetCompare1)
    i.TIM_SetCompare2                        0x080016a4   Section        0  stm32f4xx_tim.o(i.TIM_SetCompare2)
    i.TIM_TimeBaseInit                       0x080016a8   Section        0  stm32f4xx_tim.o(i.TIM_TimeBaseInit)
    i.USART1_IRQHandler                      0x08001724   Section        0  usart.o(i.USART1_IRQHandler)
    i.USART_Cmd                              0x0800178c   Section        0  stm32f4xx_usart.o(i.USART_Cmd)
    i.USART_GetITStatus                      0x080017a4   Section        0  stm32f4xx_usart.o(i.USART_GetITStatus)
    i.USART_ITConfig                         0x080017e4   Section        0  stm32f4xx_usart.o(i.USART_ITConfig)
    i.USART_Init                             0x0800181c   Section        0  stm32f4xx_usart.o(i.USART_Init)
    i.USART_ReceiveData                      0x080018d8   Section        0  stm32f4xx_usart.o(i.USART_ReceiveData)
    i.UsageFault_Handler                     0x080018e0   Section        0  stm32f4xx_it.o(i.UsageFault_Handler)
    i.__0printf                              0x080018e4   Section        0  printfa.o(i.__0printf)
    i.__0sprintf                             0x08001904   Section        0  printfa.o(i.__0sprintf)
    i.__ARM_fpclassify                       0x0800192c   Section        0  fpclassify.o(i.__ARM_fpclassify)
    i.__hardfp_asin                          0x08001960   Section        0  asin.o(i.__hardfp_asin)
    i.__hardfp_atan                          0x08001cc0   Section        0  atan.o(i.__hardfp_atan)
    i.__hardfp_atan2                         0x08001f98   Section        0  atan2.o(i.__hardfp_atan2)
    i.__kernel_poly                          0x08002188   Section        0  poly.o(i.__kernel_poly)
    i.__mathlib_dbl_infnan                   0x08002280   Section        0  dunder.o(i.__mathlib_dbl_infnan)
    i.__mathlib_dbl_infnan2                  0x08002294   Section        0  dunder.o(i.__mathlib_dbl_infnan2)
    i.__mathlib_dbl_invalid                  0x080022a8   Section        0  dunder.o(i.__mathlib_dbl_invalid)
    i.__mathlib_dbl_underflow                0x080022c8   Section        0  dunder.o(i.__mathlib_dbl_underflow)
    i.__scatterload_copy                     0x080022e8   Section       14  handlers.o(i.__scatterload_copy)
    i.__scatterload_null                     0x080022f6   Section        2  handlers.o(i.__scatterload_null)
    i.__scatterload_zeroinit                 0x080022f8   Section       14  handlers.o(i.__scatterload_zeroinit)
    i.__set_errno                            0x08002308   Section        0  errno.o(i.__set_errno)
    i._fp_digits                             0x08002314   Section        0  printfa.o(i._fp_digits)
    _fp_digits                               0x08002315   Thumb Code   366  printfa.o(i._fp_digits)
    i._printf_core                           0x08002498   Section        0  printfa.o(i._printf_core)
    _printf_core                             0x08002499   Thumb Code  1744  printfa.o(i._printf_core)
    i._printf_post_padding                   0x08002b74   Section        0  printfa.o(i._printf_post_padding)
    _printf_post_padding                     0x08002b75   Thumb Code    36  printfa.o(i._printf_post_padding)
    i._printf_pre_padding                    0x08002b98   Section        0  printfa.o(i._printf_pre_padding)
    _printf_pre_padding                      0x08002b99   Thumb Code    46  printfa.o(i._printf_pre_padding)
    i._sputc                                 0x08002bc6   Section        0  printfa.o(i._sputc)
    _sputc                                   0x08002bc7   Thumb Code    10  printfa.o(i._sputc)
    i.accel_self_test                        0x08002bd0   Section        0  inv_mpu.o(i.accel_self_test)
    accel_self_test                          0x08002bd1   Thumb Code   132  inv_mpu.o(i.accel_self_test)
    i.atan                                   0x08002c64   Section        0  atan.o(i.atan)
    i.decode_gesture                         0x08002c74   Section        0  inv_mpu_dmp_motion_driver.o(i.decode_gesture)
    decode_gesture                           0x08002c75   Thumb Code    56  inv_mpu_dmp_motion_driver.o(i.decode_gesture)
    i.delay_init                             0x08002cb0   Section        0  delay.o(i.delay_init)
    i.delay_ms                               0x08002cdc   Section        0  delay.o(i.delay_ms)
    i.delay_us                               0x08002d10   Section        0  delay.o(i.delay_us)
    i.delay_xms                              0x08002d44   Section        0  delay.o(i.delay_xms)
    i.dmp_enable_6x_lp_quat                  0x08002d78   Section        0  inv_mpu_dmp_motion_driver.o(i.dmp_enable_6x_lp_quat)
    i.dmp_enable_feature                     0x08002db4   Section        0  inv_mpu_dmp_motion_driver.o(i.dmp_enable_feature)
    i.dmp_enable_gyro_cal                    0x08002fa0   Section        0  inv_mpu_dmp_motion_driver.o(i.dmp_enable_gyro_cal)
    i.dmp_enable_lp_quat                     0x08002ff8   Section        0  inv_mpu_dmp_motion_driver.o(i.dmp_enable_lp_quat)
    i.dmp_load_motion_driver_firmware        0x08003034   Section        0  inv_mpu_dmp_motion_driver.o(i.dmp_load_motion_driver_firmware)
    i.dmp_read_fifo                          0x08003048   Section        0  inv_mpu_dmp_motion_driver.o(i.dmp_read_fifo)
    i.dmp_set_accel_bias                     0x080031cc   Section        0  inv_mpu_dmp_motion_driver.o(i.dmp_set_accel_bias)
    i.dmp_set_fifo_rate                      0x080032d8   Section        0  inv_mpu_dmp_motion_driver.o(i.dmp_set_fifo_rate)
    i.dmp_set_gyro_bias                      0x08003348   Section        0  inv_mpu_dmp_motion_driver.o(i.dmp_set_gyro_bias)
    i.dmp_set_orientation                    0x08003450   Section        0  inv_mpu_dmp_motion_driver.o(i.dmp_set_orientation)
    i.dmp_set_shake_reject_thresh            0x08003568   Section        0  inv_mpu_dmp_motion_driver.o(i.dmp_set_shake_reject_thresh)
    i.dmp_set_shake_reject_time              0x08003598   Section        0  inv_mpu_dmp_motion_driver.o(i.dmp_set_shake_reject_time)
    i.dmp_set_shake_reject_timeout           0x080035b8   Section        0  inv_mpu_dmp_motion_driver.o(i.dmp_set_shake_reject_timeout)
    i.dmp_set_tap_axes                       0x080035d8   Section        0  inv_mpu_dmp_motion_driver.o(i.dmp_set_tap_axes)
    i.dmp_set_tap_count                      0x08003610   Section        0  inv_mpu_dmp_motion_driver.o(i.dmp_set_tap_count)
    i.dmp_set_tap_thresh                     0x08003634   Section        0  inv_mpu_dmp_motion_driver.o(i.dmp_set_tap_thresh)
    i.dmp_set_tap_time                       0x080037d0   Section        0  inv_mpu_dmp_motion_driver.o(i.dmp_set_tap_time)
    i.dmp_set_tap_time_multi                 0x080037f0   Section        0  inv_mpu_dmp_motion_driver.o(i.dmp_set_tap_time_multi)
    i.fabs                                   0x08003810   Section        0  fabs.o(i.fabs)
    i.fputc                                  0x08003828   Section        0  usart.o(i.fputc)
    i.get_accel_prod_shift                   0x0800383c   Section        0  inv_mpu.o(i.get_accel_prod_shift)
    get_accel_prod_shift                     0x0800383d   Thumb Code   166  inv_mpu.o(i.get_accel_prod_shift)
    i.get_st_biases                          0x080038f4   Section        0  inv_mpu.o(i.get_st_biases)
    get_st_biases                            0x080038f5   Thumb Code   980  inv_mpu.o(i.get_st_biases)
    i.gyro_self_test                         0x08003ccc   Section        0  inv_mpu.o(i.gyro_self_test)
    gyro_self_test                           0x08003ccd   Thumb Code   196  inv_mpu.o(i.gyro_self_test)
    i.inv_orientation_matrix_to_scalar       0x08003da4   Section        0  inv_mpu.o(i.inv_orientation_matrix_to_scalar)
    i.inv_row_2_scale                        0x08003dc8   Section        0  inv_mpu.o(i.inv_row_2_scale)
    i.main                                   0x08003e10   Section        0  main.o(i.main)
    i.main_init                              0x0800400c   Section        0  main.o(i.main_init)
    i.mget_ms                                0x080040e4   Section        0  inv_mpu.o(i.mget_ms)
    i.mpu_configure_fifo                     0x080040e8   Section        0  inv_mpu.o(i.mpu_configure_fifo)
    i.mpu_dmp_get_data                       0x08004148   Section        0  inv_mpu.o(i.mpu_dmp_get_data)
    i.mpu_dmp_init                           0x080042ac   Section        0  inv_mpu.o(i.mpu_dmp_init)
    i.mpu_get_accel_fsr                      0x08004340   Section        0  inv_mpu.o(i.mpu_get_accel_fsr)
    i.mpu_get_accel_sens                     0x08004384   Section        0  inv_mpu.o(i.mpu_get_accel_sens)
    i.mpu_get_fifo_config                    0x080043d0   Section        0  inv_mpu.o(i.mpu_get_fifo_config)
    i.mpu_get_gyro_fsr                       0x080043e0   Section        0  inv_mpu.o(i.mpu_get_gyro_fsr)
    i.mpu_get_gyro_sens                      0x08004420   Section        0  inv_mpu.o(i.mpu_get_gyro_sens)
    i.mpu_get_lpf                            0x08004478   Section        0  inv_mpu.o(i.mpu_get_lpf)
    i.mpu_get_sample_rate                    0x080044bc   Section        0  inv_mpu.o(i.mpu_get_sample_rate)
    i.mpu_init                               0x080044d8   Section        0  inv_mpu.o(i.mpu_init)
    i.mpu_load_firmware                      0x08004684   Section        0  inv_mpu.o(i.mpu_load_firmware)
    i.mpu_lp_accel_mode                      0x08004738   Section        0  inv_mpu.o(i.mpu_lp_accel_mode)
    i.mpu_read_fifo_stream                   0x08004808   Section        0  inv_mpu.o(i.mpu_read_fifo_stream)
    i.mpu_read_mem                           0x080048b4   Section        0  inv_mpu.o(i.mpu_read_mem)
    i.mpu_reset_fifo                         0x08004924   Section        0  inv_mpu.o(i.mpu_reset_fifo)
    i.mpu_run_self_test                      0x08004a90   Section        0  inv_mpu.o(i.mpu_run_self_test)
    i.mpu_set_accel_fsr                      0x08004b88   Section        0  inv_mpu.o(i.mpu_set_accel_fsr)
    i.mpu_set_bypass                         0x08004bfc   Section        0  inv_mpu.o(i.mpu_set_bypass)
    i.mpu_set_dmp_state                      0x08004d14   Section        0  inv_mpu.o(i.mpu_set_dmp_state)
    i.mpu_set_gyro_fsr                       0x08004d90   Section        0  inv_mpu.o(i.mpu_set_gyro_fsr)
    i.mpu_set_int_latched                    0x08004e08   Section        0  inv_mpu.o(i.mpu_set_int_latched)
    i.mpu_set_lpf                            0x08004e68   Section        0  inv_mpu.o(i.mpu_set_lpf)
    i.mpu_set_sample_rate                    0x08004ee4   Section        0  inv_mpu.o(i.mpu_set_sample_rate)
    i.mpu_set_sensors                        0x08004f68   Section        0  inv_mpu.o(i.mpu_set_sensors)
    i.mpu_write_mem                          0x08005018   Section        0  inv_mpu.o(i.mpu_write_mem)
    i.run_self_test                          0x08005088   Section        0  inv_mpu.o(i.run_self_test)
    i.set_int_enable                         0x08005110   Section        0  inv_mpu.o(i.set_int_enable)
    set_int_enable                           0x08005111   Thumb Code   112  inv_mpu.o(i.set_int_enable)
    i.sqrt                                   0x08005184   Section        0  sqrt.o(i.sqrt)
    i.timer_init                             0x080051f4   Section        0  main.o(i.timer_init)
    i.uart_init                              0x080052f8   Section        0  usart.o(i.uart_init)
    .constdata                               0x080053a4   Section     6080  oled.o(.constdata)
    .constdata                               0x08006b64   Section     3062  inv_mpu_dmp_motion_driver.o(.constdata)
    dmp_memory                               0x08006b64   Data        3062  inv_mpu_dmp_motion_driver.o(.constdata)
    .constdata                               0x0800775a   Section       27  inv_mpu.o(.constdata)
    .constdata                               0x08007776   Section       12  inv_mpu.o(.constdata)
    .constdata                               0x08007784   Section       40  inv_mpu.o(.constdata)
    .constdata                               0x080077b0   Section       80  asin.o(.constdata)
    pS                                       0x080077b0   Data          48  asin.o(.constdata)
    qS                                       0x080077e0   Data          32  asin.o(.constdata)
    .constdata                               0x08007800   Section      152  atan.o(.constdata)
    atanhi                                   0x08007800   Data          32  atan.o(.constdata)
    atanlo                                   0x08007820   Data          32  atan.o(.constdata)
    aTodd                                    0x08007840   Data          40  atan.o(.constdata)
    aTeven                                   0x08007868   Data          48  atan.o(.constdata)
    .constdata                               0x08007898   Section        8  qnan.o(.constdata)
    .conststring                             0x080078a0   Section       77  inv_mpu.o(.conststring)
    .data                                    0x20000000   Section       16  stm32f4xx_rcc.o(.data)
    APBAHBPrescTable                         0x20000000   Data          16  stm32f4xx_rcc.o(.data)
    .data                                    0x20000010   Section        4  delay.o(.data)
    fac_us                                   0x20000010   Data           1  delay.o(.data)
    fac_ms                                   0x20000012   Data           2  delay.o(.data)
    .data                                    0x20000014   Section        2  usart.o(.data)
    .data                                    0x20000018   Section        4  usart.o(.data)
    .data                                    0x2000001c   Section       53  inv_mpu.o(.data)
    st                                       0x2000001c   Data          44  inv_mpu.o(.data)
    gyro_orientation                         0x20000048   Data           9  inv_mpu.o(.data)
    .data                                    0x20000054   Section        4  errno.o(.data)
    _errno                                   0x20000054   Data           4  errno.o(.data)
    .bss                                     0x20000058   Section     1024  oled.o(.bss)
    .bss                                     0x20000458   Section      200  usart.o(.bss)
    .bss                                     0x20000520   Section       16  inv_mpu_dmp_motion_driver.o(.bss)
    dmp                                      0x20000520   Data          16  inv_mpu_dmp_motion_driver.o(.bss)
    STACK                                    0x20000530   Section     1024  startup_stm32f429_439xx.o(STACK)

    Global Symbols

    Symbol Name                              Value     Ov Type        Size  Object(Section)

    BuildAttributes$$THM_ISAv4$E$P$D$K$B$S$7EM$VFPi3$EXTD16$VFPS$VFMA$PE$A:L22UL41UL21$X:L11$S22US41US21$IEEE1$IW$USESV6$~STKCKD$USESV7$~SHL$OTIME$ROPI$IEEEX$EBA8$MICROLIB$REQ8$PRES8$EABIv2 0x00000000   Number         0  anon$$obj.o ABSOLUTE
    __ARM_use_no_argv                        0x00000000   Number         0  main.o ABSOLUTE
    __use_no_errno                           0x00000000   Number         0  useno.o ABSOLUTE
    __use_no_exception_handling              0x00000000   Number         0  useno.o ABSOLUTE
    __use_no_fp                              0x00000000   Number         0  useno.o ABSOLUTE
    __use_no_heap                            0x00000000   Number         0  useno.o ABSOLUTE
    __use_no_heap_region                     0x00000000   Number         0  useno.o ABSOLUTE
    __use_no_semihosting                     0x00000000   Number         0  useno.o ABSOLUTE
    __use_no_semihosting_swi                 0x00000000   Number         0  useno.o ABSOLUTE
    __use_no_signal_handling                 0x00000000   Number         0  useno.o ABSOLUTE
    _printf_a                                0x00000000   Number         0  stubs.o ABSOLUTE
    _printf_c                                0x00000000   Number         0  stubs.o ABSOLUTE
    _printf_charcount                        0x00000000   Number         0  stubs.o ABSOLUTE
    _printf_d                                0x00000000   Number         0  stubs.o ABSOLUTE
    _printf_e                                0x00000000   Number         0  stubs.o ABSOLUTE
    _printf_f                                0x00000000   Number         0  stubs.o ABSOLUTE
    _printf_flags                            0x00000000   Number         0  stubs.o ABSOLUTE
    _printf_fp_dec                           0x00000000   Number         0  stubs.o ABSOLUTE
    _printf_fp_hex                           0x00000000   Number         0  stubs.o ABSOLUTE
    _printf_g                                0x00000000   Number         0  stubs.o ABSOLUTE
    _printf_i                                0x00000000   Number         0  stubs.o ABSOLUTE
    _printf_int_dec                          0x00000000   Number         0  stubs.o ABSOLUTE
    _printf_l                                0x00000000   Number         0  stubs.o ABSOLUTE
    _printf_lc                               0x00000000   Number         0  stubs.o ABSOLUTE
    _printf_ll                               0x00000000   Number         0  stubs.o ABSOLUTE
    _printf_lld                              0x00000000   Number         0  stubs.o ABSOLUTE
    _printf_lli                              0x00000000   Number         0  stubs.o ABSOLUTE
    _printf_llo                              0x00000000   Number         0  stubs.o ABSOLUTE
    _printf_llu                              0x00000000   Number         0  stubs.o ABSOLUTE
    _printf_llx                              0x00000000   Number         0  stubs.o ABSOLUTE
    _printf_longlong_dec                     0x00000000   Number         0  stubs.o ABSOLUTE
    _printf_longlong_hex                     0x00000000   Number         0  stubs.o ABSOLUTE
    _printf_longlong_oct                     0x00000000   Number         0  stubs.o ABSOLUTE
    _printf_ls                               0x00000000   Number         0  stubs.o ABSOLUTE
    _printf_mbtowc                           0x00000000   Number         0  stubs.o ABSOLUTE
    _printf_n                                0x00000000   Number         0  stubs.o ABSOLUTE
    _printf_o                                0x00000000   Number         0  stubs.o ABSOLUTE
    _printf_p                                0x00000000   Number         0  stubs.o ABSOLUTE
    _printf_percent                          0x00000000   Number         0  stubs.o ABSOLUTE
    _printf_pre_padding                      0x00000000   Number         0  stubs.o ABSOLUTE
    _printf_return_value                     0x00000000   Number         0  stubs.o ABSOLUTE
    _printf_s                                0x00000000   Number         0  stubs.o ABSOLUTE
    _printf_sizespec                         0x00000000   Number         0  stubs.o ABSOLUTE
    _printf_str                              0x00000000   Number         0  stubs.o ABSOLUTE
    _printf_truncate_signed                  0x00000000   Number         0  stubs.o ABSOLUTE
    _printf_truncate_unsigned                0x00000000   Number         0  stubs.o ABSOLUTE
    _printf_u                                0x00000000   Number         0  stubs.o ABSOLUTE
    _printf_wc                               0x00000000   Number         0  stubs.o ABSOLUTE
    _printf_wctomb                           0x00000000   Number         0  stubs.o ABSOLUTE
    _printf_widthprec                        0x00000000   Number         0  stubs.o ABSOLUTE
    _printf_x                                0x00000000   Number         0  stubs.o ABSOLUTE
    __cpp_initialize__aeabi_                  - Undefined Weak Reference
    __cxa_finalize                            - Undefined Weak Reference
    __decompress                              - Undefined Weak Reference
    _clock_init                               - Undefined Weak Reference
    _microlib_exit                            - Undefined Weak Reference
    __Vectors_Size                           0x000001ac   Number         0  startup_stm32f429_439xx.o ABSOLUTE
    __Vectors                                0x08000000   Data           4  startup_stm32f429_439xx.o(RESET)
    __Vectors_End                            0x080001ac   Data           0  startup_stm32f429_439xx.o(RESET)
    __main                                   0x080001ad   Thumb Code     0  entry.o(.ARM.Collect$$$$00000000)
    _main_stk                                0x080001ad   Thumb Code     0  entry2.o(.ARM.Collect$$$$00000001)
    _main_scatterload                        0x080001b1   Thumb Code     0  entry5.o(.ARM.Collect$$$$00000004)
    __main_after_scatterload                 0x080001b5   Thumb Code     0  entry5.o(.ARM.Collect$$$$00000004)
    _main_clock                              0x080001b5   Thumb Code     0  entry7b.o(.ARM.Collect$$$$00000008)
    _main_cpp_init                           0x080001b5   Thumb Code     0  entry8b.o(.ARM.Collect$$$$0000000A)
    _main_init                               0x080001b5   Thumb Code     0  entry9a.o(.ARM.Collect$$$$0000000B)
    __rt_final_cpp                           0x080001bd   Thumb Code     0  entry10a.o(.ARM.Collect$$$$0000000D)
    __rt_final_exit                          0x080001bd   Thumb Code     0  entry11a.o(.ARM.Collect$$$$0000000F)
    Reset_Handler                            0x080001c1   Thumb Code     8  startup_stm32f429_439xx.o(.text)
    ADC_IRQHandler                           0x080001db   Thumb Code     0  startup_stm32f429_439xx.o(.text)
    CAN1_RX0_IRQHandler                      0x080001db   Thumb Code     0  startup_stm32f429_439xx.o(.text)
    CAN1_RX1_IRQHandler                      0x080001db   Thumb Code     0  startup_stm32f429_439xx.o(.text)
    CAN1_SCE_IRQHandler                      0x080001db   Thumb Code     0  startup_stm32f429_439xx.o(.text)
    CAN1_TX_IRQHandler                       0x080001db   Thumb Code     0  startup_stm32f429_439xx.o(.text)
    CAN2_RX0_IRQHandler                      0x080001db   Thumb Code     0  startup_stm32f429_439xx.o(.text)
    CAN2_RX1_IRQHandler                      0x080001db   Thumb Code     0  startup_stm32f429_439xx.o(.text)
    CAN2_SCE_IRQHandler                      0x080001db   Thumb Code     0  startup_stm32f429_439xx.o(.text)
    CAN2_TX_IRQHandler                       0x080001db   Thumb Code     0  startup_stm32f429_439xx.o(.text)
    CRYP_IRQHandler                          0x080001db   Thumb Code     0  startup_stm32f429_439xx.o(.text)
    DCMI_IRQHandler                          0x080001db   Thumb Code     0  startup_stm32f429_439xx.o(.text)
    DMA1_Stream0_IRQHandler                  0x080001db   Thumb Code     0  startup_stm32f429_439xx.o(.text)
    DMA1_Stream1_IRQHandler                  0x080001db   Thumb Code     0  startup_stm32f429_439xx.o(.text)
    DMA1_Stream2_IRQHandler                  0x080001db   Thumb Code     0  startup_stm32f429_439xx.o(.text)
    DMA1_Stream3_IRQHandler                  0x080001db   Thumb Code     0  startup_stm32f429_439xx.o(.text)
    DMA1_Stream4_IRQHandler                  0x080001db   Thumb Code     0  startup_stm32f429_439xx.o(.text)
    DMA1_Stream5_IRQHandler                  0x080001db   Thumb Code     0  startup_stm32f429_439xx.o(.text)
    DMA1_Stream6_IRQHandler                  0x080001db   Thumb Code     0  startup_stm32f429_439xx.o(.text)
    DMA1_Stream7_IRQHandler                  0x080001db   Thumb Code     0  startup_stm32f429_439xx.o(.text)
    DMA2D_IRQHandler                         0x080001db   Thumb Code     0  startup_stm32f429_439xx.o(.text)
    DMA2_Stream0_IRQHandler                  0x080001db   Thumb Code     0  startup_stm32f429_439xx.o(.text)
    DMA2_Stream1_IRQHandler                  0x080001db   Thumb Code     0  startup_stm32f429_439xx.o(.text)
    DMA2_Stream2_IRQHandler                  0x080001db   Thumb Code     0  startup_stm32f429_439xx.o(.text)
    DMA2_Stream3_IRQHandler                  0x080001db   Thumb Code     0  startup_stm32f429_439xx.o(.text)
    DMA2_Stream4_IRQHandler                  0x080001db   Thumb Code     0  startup_stm32f429_439xx.o(.text)
    DMA2_Stream5_IRQHandler                  0x080001db   Thumb Code     0  startup_stm32f429_439xx.o(.text)
    DMA2_Stream6_IRQHandler                  0x080001db   Thumb Code     0  startup_stm32f429_439xx.o(.text)
    DMA2_Stream7_IRQHandler                  0x080001db   Thumb Code     0  startup_stm32f429_439xx.o(.text)
    ETH_IRQHandler                           0x080001db   Thumb Code     0  startup_stm32f429_439xx.o(.text)
    ETH_WKUP_IRQHandler                      0x080001db   Thumb Code     0  startup_stm32f429_439xx.o(.text)
    EXTI0_IRQHandler                         0x080001db   Thumb Code     0  startup_stm32f429_439xx.o(.text)
    EXTI15_10_IRQHandler                     0x080001db   Thumb Code     0  startup_stm32f429_439xx.o(.text)
    EXTI1_IRQHandler                         0x080001db   Thumb Code     0  startup_stm32f429_439xx.o(.text)
    EXTI2_IRQHandler                         0x080001db   Thumb Code     0  startup_stm32f429_439xx.o(.text)
    EXTI3_IRQHandler                         0x080001db   Thumb Code     0  startup_stm32f429_439xx.o(.text)
    EXTI4_IRQHandler                         0x080001db   Thumb Code     0  startup_stm32f429_439xx.o(.text)
    EXTI9_5_IRQHandler                       0x080001db   Thumb Code     0  startup_stm32f429_439xx.o(.text)
    FLASH_IRQHandler                         0x080001db   Thumb Code     0  startup_stm32f429_439xx.o(.text)
    FMC_IRQHandler                           0x080001db   Thumb Code     0  startup_stm32f429_439xx.o(.text)
    FPU_IRQHandler                           0x080001db   Thumb Code     0  startup_stm32f429_439xx.o(.text)
    HASH_RNG_IRQHandler                      0x080001db   Thumb Code     0  startup_stm32f429_439xx.o(.text)
    I2C1_ER_IRQHandler                       0x080001db   Thumb Code     0  startup_stm32f429_439xx.o(.text)
    I2C1_EV_IRQHandler                       0x080001db   Thumb Code     0  startup_stm32f429_439xx.o(.text)
    I2C2_ER_IRQHandler                       0x080001db   Thumb Code     0  startup_stm32f429_439xx.o(.text)
    I2C2_EV_IRQHandler                       0x080001db   Thumb Code     0  startup_stm32f429_439xx.o(.text)
    I2C3_ER_IRQHandler                       0x080001db   Thumb Code     0  startup_stm32f429_439xx.o(.text)
    I2C3_EV_IRQHandler                       0x080001db   Thumb Code     0  startup_stm32f429_439xx.o(.text)
    LTDC_ER_IRQHandler                       0x080001db   Thumb Code     0  startup_stm32f429_439xx.o(.text)
    LTDC_IRQHandler                          0x080001db   Thumb Code     0  startup_stm32f429_439xx.o(.text)
    OTG_FS_IRQHandler                        0x080001db   Thumb Code     0  startup_stm32f429_439xx.o(.text)
    OTG_FS_WKUP_IRQHandler                   0x080001db   Thumb Code     0  startup_stm32f429_439xx.o(.text)
    OTG_HS_EP1_IN_IRQHandler                 0x080001db   Thumb Code     0  startup_stm32f429_439xx.o(.text)
    OTG_HS_EP1_OUT_IRQHandler                0x080001db   Thumb Code     0  startup_stm32f429_439xx.o(.text)
    OTG_HS_IRQHandler                        0x080001db   Thumb Code     0  startup_stm32f429_439xx.o(.text)
    OTG_HS_WKUP_IRQHandler                   0x080001db   Thumb Code     0  startup_stm32f429_439xx.o(.text)
    PVD_IRQHandler                           0x080001db   Thumb Code     0  startup_stm32f429_439xx.o(.text)
    RCC_IRQHandler                           0x080001db   Thumb Code     0  startup_stm32f429_439xx.o(.text)
    RTC_Alarm_IRQHandler                     0x080001db   Thumb Code     0  startup_stm32f429_439xx.o(.text)
    RTC_WKUP_IRQHandler                      0x080001db   Thumb Code     0  startup_stm32f429_439xx.o(.text)
    SAI1_IRQHandler                          0x080001db   Thumb Code     0  startup_stm32f429_439xx.o(.text)
    SDIO_IRQHandler                          0x080001db   Thumb Code     0  startup_stm32f429_439xx.o(.text)
    SPI1_IRQHandler                          0x080001db   Thumb Code     0  startup_stm32f429_439xx.o(.text)
    SPI2_IRQHandler                          0x080001db   Thumb Code     0  startup_stm32f429_439xx.o(.text)
    SPI3_IRQHandler                          0x080001db   Thumb Code     0  startup_stm32f429_439xx.o(.text)
    SPI4_IRQHandler                          0x080001db   Thumb Code     0  startup_stm32f429_439xx.o(.text)
    SPI5_IRQHandler                          0x080001db   Thumb Code     0  startup_stm32f429_439xx.o(.text)
    SPI6_IRQHandler                          0x080001db   Thumb Code     0  startup_stm32f429_439xx.o(.text)
    TAMP_STAMP_IRQHandler                    0x080001db   Thumb Code     0  startup_stm32f429_439xx.o(.text)
    TIM1_CC_IRQHandler                       0x080001db   Thumb Code     0  startup_stm32f429_439xx.o(.text)
    TIM1_TRG_COM_TIM11_IRQHandler            0x080001db   Thumb Code     0  startup_stm32f429_439xx.o(.text)
    TIM1_UP_TIM10_IRQHandler                 0x080001db   Thumb Code     0  startup_stm32f429_439xx.o(.text)
    TIM2_IRQHandler                          0x080001db   Thumb Code     0  startup_stm32f429_439xx.o(.text)
    TIM3_IRQHandler                          0x080001db   Thumb Code     0  startup_stm32f429_439xx.o(.text)
    TIM4_IRQHandler                          0x080001db   Thumb Code     0  startup_stm32f429_439xx.o(.text)
    TIM5_IRQHandler                          0x080001db   Thumb Code     0  startup_stm32f429_439xx.o(.text)
    TIM6_DAC_IRQHandler                      0x080001db   Thumb Code     0  startup_stm32f429_439xx.o(.text)
    TIM7_IRQHandler                          0x080001db   Thumb Code     0  startup_stm32f429_439xx.o(.text)
    TIM8_BRK_TIM12_IRQHandler                0x080001db   Thumb Code     0  startup_stm32f429_439xx.o(.text)
    TIM8_CC_IRQHandler                       0x080001db   Thumb Code     0  startup_stm32f429_439xx.o(.text)
    TIM8_TRG_COM_TIM14_IRQHandler            0x080001db   Thumb Code     0  startup_stm32f429_439xx.o(.text)
    TIM8_UP_TIM13_IRQHandler                 0x080001db   Thumb Code     0  startup_stm32f429_439xx.o(.text)
    UART4_IRQHandler                         0x080001db   Thumb Code     0  startup_stm32f429_439xx.o(.text)
    UART5_IRQHandler                         0x080001db   Thumb Code     0  startup_stm32f429_439xx.o(.text)
    UART7_IRQHandler                         0x080001db   Thumb Code     0  startup_stm32f429_439xx.o(.text)
    UART8_IRQHandler                         0x080001db   Thumb Code     0  startup_stm32f429_439xx.o(.text)
    USART2_IRQHandler                        0x080001db   Thumb Code     0  startup_stm32f429_439xx.o(.text)
    USART3_IRQHandler                        0x080001db   Thumb Code     0  startup_stm32f429_439xx.o(.text)
    USART6_IRQHandler                        0x080001db   Thumb Code     0  startup_stm32f429_439xx.o(.text)
    WWDG_IRQHandler                          0x080001db   Thumb Code     0  startup_stm32f429_439xx.o(.text)
    __aeabi_ldivmod                          0x080001e5   Thumb Code    98  ldiv.o(.text)
    __aeabi_memset                           0x08000247   Thumb Code    14  memseta.o(.text)
    __aeabi_memset4                          0x08000247   Thumb Code     0  memseta.o(.text)
    __aeabi_memset8                          0x08000247   Thumb Code     0  memseta.o(.text)
    __aeabi_memclr                           0x08000255   Thumb Code     4  memseta.o(.text)
    __aeabi_memclr4                          0x08000255   Thumb Code     0  memseta.o(.text)
    __aeabi_memclr8                          0x08000255   Thumb Code     0  memseta.o(.text)
    _memset$wrapper                          0x08000259   Thumb Code    18  memseta.o(.text)
    memcmp                                   0x0800026b   Thumb Code    26  memcmp.o(.text)
    __aeabi_dadd                             0x08000285   Thumb Code   322  dadd.o(.text)
    __aeabi_dsub                             0x080003c7   Thumb Code     6  dadd.o(.text)
    __aeabi_drsub                            0x080003cd   Thumb Code     6  dadd.o(.text)
    __aeabi_dmul                             0x080003d3   Thumb Code   228  dmul.o(.text)
    __aeabi_ddiv                             0x080004b7   Thumb Code   222  ddiv.o(.text)
    __aeabi_i2d                              0x08000595   Thumb Code    34  dflti.o(.text)
    __aeabi_f2d                              0x080005b7   Thumb Code    38  f2d.o(.text)
    __aeabi_d2f                              0x080005dd   Thumb Code    56  d2f.o(.text)
    __aeabi_uidiv                            0x08000615   Thumb Code     0  uidiv.o(.text)
    __aeabi_uidivmod                         0x08000615   Thumb Code    44  uidiv.o(.text)
    __aeabi_uldivmod                         0x08000641   Thumb Code    98  uldiv.o(.text)
    __aeabi_llsl                             0x080006a3   Thumb Code    30  llshl.o(.text)
    _ll_shift_l                              0x080006a3   Thumb Code     0  llshl.o(.text)
    __aeabi_lasr                             0x080006c1   Thumb Code    36  llsshr.o(.text)
    _ll_sshift_r                             0x080006c1   Thumb Code     0  llsshr.o(.text)
    __I$use$fp                               0x080006e5   Thumb Code     0  iusefp.o(.text)
    _float_round                             0x080006e5   Thumb Code    18  fepilogue.o(.text)
    _float_epilogue                          0x080006f7   Thumb Code    92  fepilogue.o(.text)
    _double_round                            0x08000753   Thumb Code    30  depilogue.o(.text)
    _double_epilogue                         0x08000771   Thumb Code   156  depilogue.o(.text)
    __aeabi_d2ulz                            0x0800080d   Thumb Code    48  dfixul.o(.text)
    __aeabi_cdrcmple                         0x0800083d   Thumb Code    48  cdrcmple.o(.text)
    __scatterload                            0x0800086d   Thumb Code    28  init.o(.text)
    __scatterload_rt2                        0x0800086d   Thumb Code     0  init.o(.text)
    __aeabi_llsr                             0x08000891   Thumb Code    32  llushr.o(.text)
    _ll_ushift_r                             0x08000891   Thumb Code     0  llushr.o(.text)
    _dsqrt                                   0x080008b1   Thumb Code   162  dsqrt.o(.text)
    BusFault_Handler                         0x08000953   Thumb Code     2  stm32f4xx_it.o(i.BusFault_Handler)
    DebugMon_Handler                         0x08000955   Thumb Code     2  stm32f4xx_it.o(i.DebugMon_Handler)
    GPIO_Init                                0x08000957   Thumb Code   124  stm32f4xx_gpio.o(i.GPIO_Init)
    GPIO_PinAFConfig                         0x080009d3   Thumb Code    32  stm32f4xx_gpio.o(i.GPIO_PinAFConfig)
    HardFault_Handler                        0x080009f3   Thumb Code     2  stm32f4xx_it.o(i.HardFault_Handler)
    IIC_Ack                                  0x080009f5   Thumb Code    48  myiic.o(i.IIC_Ack)
    IIC_Init                                 0x08000a2d   Thumb Code    52  myiic.o(i.IIC_Init)
    IIC_NAck                                 0x08000a69   Thumb Code    48  myiic.o(i.IIC_NAck)
    IIC_Read_Byte                            0x08000aa1   Thumb Code    96  myiic.o(i.IIC_Read_Byte)
    IIC_Send_Byte                            0x08000b09   Thumb Code    86  myiic.o(i.IIC_Send_Byte)
    IIC_Start                                0x08000b69   Thumb Code    48  myiic.o(i.IIC_Start)
    IIC_Stop                                 0x08000ba1   Thumb Code    50  myiic.o(i.IIC_Stop)
    IIC_Wait_Ack                             0x08000bdd   Thumb Code    74  myiic.o(i.IIC_Wait_Ack)
    MPU_Get_Accelerometer                    0x08000c31   Thumb Code    68  mpu6050.o(i.MPU_Get_Accelerometer)
    MPU_Get_Temperature                      0x08000c75   Thumb Code    84  mpu6050.o(i.MPU_Get_Temperature)
    MPU_Init                                 0x08000cdd   Thumb Code   118  mpu6050.o(i.MPU_Init)
    MPU_Read_Byte                            0x08000d53   Thumb Code    58  mpu6050.o(i.MPU_Read_Byte)
    MPU_Read_Len                             0x08000d8d   Thumb Code   112  mpu6050.o(i.MPU_Read_Len)
    MPU_Set_Accel_Fsr                        0x08000dfd   Thumb Code    10  mpu6050.o(i.MPU_Set_Accel_Fsr)
    MPU_Set_Gyro_Fsr                         0x08000e07   Thumb Code    10  mpu6050.o(i.MPU_Set_Gyro_Fsr)
    MPU_Set_LPF                              0x08000e11   Thumb Code    48  mpu6050.o(i.MPU_Set_LPF)
    MPU_Set_Rate                             0x08000e41   Thumb Code    44  mpu6050.o(i.MPU_Set_Rate)
    MPU_Write_Byte                           0x08000e6d   Thumb Code    68  mpu6050.o(i.MPU_Write_Byte)
    MPU_Write_Len                            0x08000eb1   Thumb Code    90  mpu6050.o(i.MPU_Write_Len)
    MemManage_Handler                        0x08000f0b   Thumb Code     2  stm32f4xx_it.o(i.MemManage_Handler)
    NMI_Handler                              0x08000f0d   Thumb Code     2  stm32f4xx_it.o(i.NMI_Handler)
    NVIC_Init                                0x08000f11   Thumb Code    98  misc.o(i.NVIC_Init)
    NVIC_PriorityGroupConfig                 0x08000f79   Thumb Code    10  misc.o(i.NVIC_PriorityGroupConfig)
    OLED_Clear                               0x08000f8d   Thumb Code    34  oled.o(i.OLED_Clear)
    OLED_DrawPoint                           0x08000fb5   Thumb Code    56  oled.o(i.OLED_DrawPoint)
    OLED_Init                                0x08000ff1   Thumb Code   314  oled.o(i.OLED_Init)
    OLED_Refresh_Gram                        0x0800114d   Thumb Code    66  oled.o(i.OLED_Refresh_Gram)
    OLED_ShowChar                            0x08001195   Thumb Code   186  oled.o(i.OLED_ShowChar)
    OLED_ShowString                          0x0800125d   Thumb Code    78  oled.o(i.OLED_ShowString)
    OLED_WR_Byte                             0x080012ad   Thumb Code    70  oled.o(i.OLED_WR_Byte)
    PendSV_Handler                           0x08001305   Thumb Code     2  stm32f4xx_it.o(i.PendSV_Handler)
    RCC_AHB1PeriphClockCmd                   0x08001309   Thumb Code    22  stm32f4xx_rcc.o(i.RCC_AHB1PeriphClockCmd)
    RCC_APB2PeriphClockCmd                   0x08001325   Thumb Code    22  stm32f4xx_rcc.o(i.RCC_APB2PeriphClockCmd)
    RCC_GetClocksFreq                        0x08001341   Thumb Code   148  stm32f4xx_rcc.o(i.RCC_GetClocksFreq)
    SVC_Handler                              0x080013e5   Thumb Code     2  stm32f4xx_it.o(i.SVC_Handler)
    SysTick_CLKSourceConfig                  0x080014bd   Thumb Code    28  misc.o(i.SysTick_CLKSourceConfig)
    SysTick_Handler                          0x080014d9   Thumb Code     2  stm32f4xx_it.o(i.SysTick_Handler)
    SystemInit                               0x080014dd   Thumb Code    74  system_stm32f4xx.o(i.SystemInit)
    TIM1_BRK_TIM9_IRQHandler                 0x08001539   Thumb Code     8  main.o(i.TIM1_BRK_TIM9_IRQHandler)
    TIM_ARRPreloadConfig                     0x08001545   Thumb Code    24  stm32f4xx_tim.o(i.TIM_ARRPreloadConfig)
    TIM_ClearFlag                            0x0800155d   Thumb Code     6  stm32f4xx_tim.o(i.TIM_ClearFlag)
    TIM_Cmd                                  0x08001563   Thumb Code    24  stm32f4xx_tim.o(i.TIM_Cmd)
    TIM_ITConfig                             0x0800157b   Thumb Code    20  stm32f4xx_tim.o(i.TIM_ITConfig)
    TIM_OC1Init                              0x08001591   Thumb Code    96  stm32f4xx_tim.o(i.TIM_OC1Init)
    TIM_OC1PreloadConfig                     0x080015f9   Thumb Code    12  stm32f4xx_tim.o(i.TIM_OC1PreloadConfig)
    TIM_OC2Init                              0x08001605   Thumb Code   128  stm32f4xx_tim.o(i.TIM_OC2Init)
    TIM_OC2PreloadConfig                     0x0800168d   Thumb Code    20  stm32f4xx_tim.o(i.TIM_OC2PreloadConfig)
    TIM_SetCompare1                          0x080016a1   Thumb Code     4  stm32f4xx_tim.o(i.TIM_SetCompare1)
    TIM_SetCompare2                          0x080016a5   Thumb Code     4  stm32f4xx_tim.o(i.TIM_SetCompare2)
    TIM_TimeBaseInit                         0x080016a9   Thumb Code    96  stm32f4xx_tim.o(i.TIM_TimeBaseInit)
    USART1_IRQHandler                        0x08001725   Thumb Code    92  usart.o(i.USART1_IRQHandler)
    USART_Cmd                                0x0800178d   Thumb Code    24  stm32f4xx_usart.o(i.USART_Cmd)
    USART_GetITStatus                        0x080017a5   Thumb Code    64  stm32f4xx_usart.o(i.USART_GetITStatus)
    USART_ITConfig                           0x080017e5   Thumb Code    54  stm32f4xx_usart.o(i.USART_ITConfig)
    USART_Init                               0x0800181d   Thumb Code   180  stm32f4xx_usart.o(i.USART_Init)
    USART_ReceiveData                        0x080018d9   Thumb Code     8  stm32f4xx_usart.o(i.USART_ReceiveData)
    UsageFault_Handler                       0x080018e1   Thumb Code     2  stm32f4xx_it.o(i.UsageFault_Handler)
    __0printf                                0x080018e5   Thumb Code    22  printfa.o(i.__0printf)
    __1printf                                0x080018e5   Thumb Code     0  printfa.o(i.__0printf)
    __2printf                                0x080018e5   Thumb Code     0  printfa.o(i.__0printf)
    __c89printf                              0x080018e5   Thumb Code     0  printfa.o(i.__0printf)
    printf                                   0x080018e5   Thumb Code     0  printfa.o(i.__0printf)
    __0sprintf                               0x08001905   Thumb Code    34  printfa.o(i.__0sprintf)
    __1sprintf                               0x08001905   Thumb Code     0  printfa.o(i.__0sprintf)
    __2sprintf                               0x08001905   Thumb Code     0  printfa.o(i.__0sprintf)
    __c89sprintf                             0x08001905   Thumb Code     0  printfa.o(i.__0sprintf)
    sprintf                                  0x08001905   Thumb Code     0  printfa.o(i.__0sprintf)
    __ARM_fpclassify                         0x0800192d   Thumb Code    48  fpclassify.o(i.__ARM_fpclassify)
    __hardfp_asin                            0x08001961   Thumb Code   770  asin.o(i.__hardfp_asin)
    __hardfp_atan                            0x08001cc1   Thumb Code   622  atan.o(i.__hardfp_atan)
    __hardfp_atan2                           0x08001f99   Thumb Code   432  atan2.o(i.__hardfp_atan2)
    __kernel_poly                            0x08002189   Thumb Code   248  poly.o(i.__kernel_poly)
    __mathlib_dbl_infnan                     0x08002281   Thumb Code    20  dunder.o(i.__mathlib_dbl_infnan)
    __mathlib_dbl_infnan2                    0x08002295   Thumb Code    20  dunder.o(i.__mathlib_dbl_infnan2)
    __mathlib_dbl_invalid                    0x080022a9   Thumb Code    24  dunder.o(i.__mathlib_dbl_invalid)
    __mathlib_dbl_underflow                  0x080022c9   Thumb Code    24  dunder.o(i.__mathlib_dbl_underflow)
    __scatterload_copy                       0x080022e9   Thumb Code    14  handlers.o(i.__scatterload_copy)
    __scatterload_null                       0x080022f7   Thumb Code     2  handlers.o(i.__scatterload_null)
    __scatterload_zeroinit                   0x080022f9   Thumb Code    14  handlers.o(i.__scatterload_zeroinit)
    __set_errno                              0x08002309   Thumb Code     6  errno.o(i.__set_errno)
    atan                                     0x08002c65   Thumb Code    16  atan.o(i.atan)
    delay_init                               0x08002cb1   Thumb Code    38  delay.o(i.delay_init)
    delay_ms                                 0x08002cdd   Thumb Code    52  delay.o(i.delay_ms)
    delay_us                                 0x08002d11   Thumb Code    46  delay.o(i.delay_us)
    delay_xms                                0x08002d45   Thumb Code    46  delay.o(i.delay_xms)
    dmp_enable_6x_lp_quat                    0x08002d79   Thumb Code    60  inv_mpu_dmp_motion_driver.o(i.dmp_enable_6x_lp_quat)
    dmp_enable_feature                       0x08002db5   Thumb Code   484  inv_mpu_dmp_motion_driver.o(i.dmp_enable_feature)
    dmp_enable_gyro_cal                      0x08002fa1   Thumb Code    62  inv_mpu_dmp_motion_driver.o(i.dmp_enable_gyro_cal)
    dmp_enable_lp_quat                       0x08002ff9   Thumb Code    60  inv_mpu_dmp_motion_driver.o(i.dmp_enable_lp_quat)
    dmp_load_motion_driver_firmware          0x08003035   Thumb Code    16  inv_mpu_dmp_motion_driver.o(i.dmp_load_motion_driver_firmware)
    dmp_read_fifo                            0x08003049   Thumb Code   384  inv_mpu_dmp_motion_driver.o(i.dmp_read_fifo)
    dmp_set_accel_bias                       0x080031cd   Thumb Code   262  inv_mpu_dmp_motion_driver.o(i.dmp_set_accel_bias)
    dmp_set_fifo_rate                        0x080032d9   Thumb Code    96  inv_mpu_dmp_motion_driver.o(i.dmp_set_fifo_rate)
    dmp_set_gyro_bias                        0x08003349   Thumb Code   256  inv_mpu_dmp_motion_driver.o(i.dmp_set_gyro_bias)
    dmp_set_orientation                      0x08003451   Thumb Code   260  inv_mpu_dmp_motion_driver.o(i.dmp_set_orientation)
    dmp_set_shake_reject_thresh              0x08003569   Thumb Code    48  inv_mpu_dmp_motion_driver.o(i.dmp_set_shake_reject_thresh)
    dmp_set_shake_reject_time                0x08003599   Thumb Code    32  inv_mpu_dmp_motion_driver.o(i.dmp_set_shake_reject_time)
    dmp_set_shake_reject_timeout             0x080035b9   Thumb Code    32  inv_mpu_dmp_motion_driver.o(i.dmp_set_shake_reject_timeout)
    dmp_set_tap_axes                         0x080035d9   Thumb Code    56  inv_mpu_dmp_motion_driver.o(i.dmp_set_tap_axes)
    dmp_set_tap_count                        0x08003611   Thumb Code    34  inv_mpu_dmp_motion_driver.o(i.dmp_set_tap_count)
    dmp_set_tap_thresh                       0x08003635   Thumb Code   376  inv_mpu_dmp_motion_driver.o(i.dmp_set_tap_thresh)
    dmp_set_tap_time                         0x080037d1   Thumb Code    32  inv_mpu_dmp_motion_driver.o(i.dmp_set_tap_time)
    dmp_set_tap_time_multi                   0x080037f1   Thumb Code    32  inv_mpu_dmp_motion_driver.o(i.dmp_set_tap_time_multi)
    fabs                                     0x08003811   Thumb Code    24  fabs.o(i.fabs)
    fputc                                    0x08003829   Thumb Code    14  usart.o(i.fputc)
    inv_orientation_matrix_to_scalar         0x08003da5   Thumb Code    36  inv_mpu.o(i.inv_orientation_matrix_to_scalar)
    inv_row_2_scale                          0x08003dc9   Thumb Code    72  inv_mpu.o(i.inv_row_2_scale)
    main                                     0x08003e11   Thumb Code   418  main.o(i.main)
    main_init                                0x0800400d   Thumb Code   136  main.o(i.main_init)
    mget_ms                                  0x080040e5   Thumb Code     2  inv_mpu.o(i.mget_ms)
    mpu_configure_fifo                       0x080040e9   Thumb Code    90  inv_mpu.o(i.mpu_configure_fifo)
    mpu_dmp_get_data                         0x08004149   Thumb Code   344  inv_mpu.o(i.mpu_dmp_get_data)
    mpu_dmp_init                             0x080042ad   Thumb Code   144  inv_mpu.o(i.mpu_dmp_init)
    mpu_get_accel_fsr                        0x08004341   Thumb Code    62  inv_mpu.o(i.mpu_get_accel_fsr)
    mpu_get_accel_sens                       0x08004385   Thumb Code    70  inv_mpu.o(i.mpu_get_accel_sens)
    mpu_get_fifo_config                      0x080043d1   Thumb Code    10  inv_mpu.o(i.mpu_get_fifo_config)
    mpu_get_gyro_fsr                         0x080043e1   Thumb Code    58  inv_mpu.o(i.mpu_get_gyro_fsr)
    mpu_get_gyro_sens                        0x08004421   Thumb Code    68  inv_mpu.o(i.mpu_get_gyro_sens)
    mpu_get_lpf                              0x08004479   Thumb Code    64  inv_mpu.o(i.mpu_get_lpf)
    mpu_get_sample_rate                      0x080044bd   Thumb Code    24  inv_mpu.o(i.mpu_get_sample_rate)
    mpu_init                                 0x080044d9   Thumb Code   346  inv_mpu.o(i.mpu_init)
    mpu_load_firmware                        0x08004685   Thumb Code   174  inv_mpu.o(i.mpu_load_firmware)
    mpu_lp_accel_mode                        0x08004739   Thumb Code   204  inv_mpu.o(i.mpu_lp_accel_mode)
    mpu_read_fifo_stream                     0x08004809   Thumb Code   166  inv_mpu.o(i.mpu_read_fifo_stream)
    mpu_read_mem                             0x080048b5   Thumb Code   106  inv_mpu.o(i.mpu_read_mem)
    mpu_reset_fifo                           0x08004925   Thumb Code   360  inv_mpu.o(i.mpu_reset_fifo)
    mpu_run_self_test                        0x08004a91   Thumb Code   244  inv_mpu.o(i.mpu_run_self_test)
    mpu_set_accel_fsr                        0x08004b89   Thumb Code   110  inv_mpu.o(i.mpu_set_accel_fsr)
    mpu_set_bypass                           0x08004bfd   Thumb Code   276  inv_mpu.o(i.mpu_set_bypass)
    mpu_set_dmp_state                        0x08004d15   Thumb Code   118  inv_mpu.o(i.mpu_set_dmp_state)
    mpu_set_gyro_fsr                         0x08004d91   Thumb Code   116  inv_mpu.o(i.mpu_set_gyro_fsr)
    mpu_set_int_latched                      0x08004e09   Thumb Code    92  inv_mpu.o(i.mpu_set_int_latched)
    mpu_set_lpf                              0x08004e69   Thumb Code   118  inv_mpu.o(i.mpu_set_lpf)
    mpu_set_sample_rate                      0x08004ee5   Thumb Code   126  inv_mpu.o(i.mpu_set_sample_rate)
    mpu_set_sensors                          0x08004f69   Thumb Code   172  inv_mpu.o(i.mpu_set_sensors)
    mpu_write_mem                            0x08005019   Thumb Code   106  inv_mpu.o(i.mpu_write_mem)
    run_self_test                            0x08005089   Thumb Code   136  inv_mpu.o(i.run_self_test)
    sqrt                                     0x08005185   Thumb Code   110  sqrt.o(i.sqrt)
    timer_init                               0x080051f5   Thumb Code   250  main.o(i.timer_init)
    uart_init                                0x080052f9   Thumb Code   164  usart.o(i.uart_init)
    asc2_1206                                0x080053a4   Data        1140  oled.o(.constdata)
    asc2_1608                                0x08005818   Data        1520  oled.o(.constdata)
    asc2_2412                                0x08005e08   Data        3420  oled.o(.constdata)
    reg                                      0x0800775a   Data          27  inv_mpu.o(.constdata)
    hw                                       0x08007776   Data          12  inv_mpu.o(.constdata)
    test                                     0x08007784   Data          40  inv_mpu.o(.constdata)
    __mathlib_zero                           0x08007898   Data           8  qnan.o(.constdata)
    Region$$Table$$Base                      0x080078f0   Number         0  anon$$obj.o(Region$$Table)
    Region$$Table$$Limit                     0x08007910   Number         0  anon$$obj.o(Region$$Table)
    USART_RX_STA                             0x20000014   Data           2  usart.o(.data)
    __stdout                                 0x20000018   Data           4  usart.o(.data)
    OLED_GRAM                                0x20000058   Data        1024  oled.o(.bss)
    USART_RX_BUF                             0x20000458   Data         200  usart.o(.bss)
    __initial_sp                             0x20000930   Data           0  startup_stm32f429_439xx.o(STACK)



==============================================================================

Memory Map of the image

  Image Entry point : 0x080001ad

  Load Region LR_IROM1 (Base: 0x08000000, Size: 0x00007968, Max: 0x00100000, ABSOLUTE)

    Execution Region ER_IROM1 (Exec base: 0x08000000, Load base: 0x08000000, Size: 0x00007910, Max: 0x00100000, ABSOLUTE)

    Exec Addr    Load Addr    Size         Type   Attr      Idx    E Section Name        Object

    0x08000000   0x08000000   0x000001ac   Data   RO            3    RESET               startup_stm32f429_439xx.o
    0x080001ac   0x080001ac   0x00000000   Code   RO         6311  * .ARM.Collect$$$$00000000  mc_w.l(entry.o)
    0x080001ac   0x080001ac   0x00000004   Code   RO         6644    .ARM.Collect$$$$00000001  mc_w.l(entry2.o)
    0x080001b0   0x080001b0   0x00000004   Code   RO         6647    .ARM.Collect$$$$00000004  mc_w.l(entry5.o)
    0x080001b4   0x080001b4   0x00000000   Code   RO         6649    .ARM.Collect$$$$00000008  mc_w.l(entry7b.o)
    0x080001b4   0x080001b4   0x00000000   Code   RO         6651    .ARM.Collect$$$$0000000A  mc_w.l(entry8b.o)
    0x080001b4   0x080001b4   0x00000008   Code   RO         6652    .ARM.Collect$$$$0000000B  mc_w.l(entry9a.o)
    0x080001bc   0x080001bc   0x00000000   Code   RO         6654    .ARM.Collect$$$$0000000D  mc_w.l(entry10a.o)
    0x080001bc   0x080001bc   0x00000000   Code   RO         6656    .ARM.Collect$$$$0000000F  mc_w.l(entry11a.o)
    0x080001bc   0x080001bc   0x00000004   Code   RO         6645    .ARM.Collect$$$$00002712  mc_w.l(entry2.o)
    0x080001c0   0x080001c0   0x00000024   Code   RO            4    .text               startup_stm32f429_439xx.o
    0x080001e4   0x080001e4   0x00000062   Code   RO         6314    .text               mc_w.l(ldiv.o)
    0x08000246   0x08000246   0x00000024   Code   RO         6316    .text               mc_w.l(memseta.o)
    0x0800026a   0x0800026a   0x0000001a   Code   RO         6318    .text               mc_w.l(memcmp.o)
    0x08000284   0x08000284   0x0000014e   Code   RO         6581    .text               mf_w.l(dadd.o)
    0x080003d2   0x080003d2   0x000000e4   Code   RO         6583    .text               mf_w.l(dmul.o)
    0x080004b6   0x080004b6   0x000000de   Code   RO         6585    .text               mf_w.l(ddiv.o)
    0x08000594   0x08000594   0x00000022   Code   RO         6587    .text               mf_w.l(dflti.o)
    0x080005b6   0x080005b6   0x00000026   Code   RO         6589    .text               mf_w.l(f2d.o)
    0x080005dc   0x080005dc   0x00000038   Code   RO         6591    .text               mf_w.l(d2f.o)
    0x08000614   0x08000614   0x0000002c   Code   RO         6658    .text               mc_w.l(uidiv.o)
    0x08000640   0x08000640   0x00000062   Code   RO         6660    .text               mc_w.l(uldiv.o)
    0x080006a2   0x080006a2   0x0000001e   Code   RO         6662    .text               mc_w.l(llshl.o)
    0x080006c0   0x080006c0   0x00000024   Code   RO         6664    .text               mc_w.l(llsshr.o)
    0x080006e4   0x080006e4   0x00000000   Code   RO         6673    .text               mc_w.l(iusefp.o)
    0x080006e4   0x080006e4   0x0000006e   Code   RO         6674    .text               mf_w.l(fepilogue.o)
    0x08000752   0x08000752   0x000000ba   Code   RO         6676    .text               mf_w.l(depilogue.o)
    0x0800080c   0x0800080c   0x00000030   Code   RO         6680    .text               mf_w.l(dfixul.o)
    0x0800083c   0x0800083c   0x00000030   Code   RO         6682    .text               mf_w.l(cdrcmple.o)
    0x0800086c   0x0800086c   0x00000024   Code   RO         6684    .text               mc_w.l(init.o)
    0x08000890   0x08000890   0x00000020   Code   RO         6686    .text               mc_w.l(llushr.o)
    0x080008b0   0x080008b0   0x000000a2   Code   RO         6688    .text               mf_w.l(dsqrt.o)
    0x08000952   0x08000952   0x00000002   Code   RO         5311    i.BusFault_Handler  stm32f4xx_it.o
    0x08000954   0x08000954   0x00000002   Code   RO         5312    i.DebugMon_Handler  stm32f4xx_it.o
    0x08000956   0x08000956   0x0000007c   Code   RO         2046    i.GPIO_Init         stm32f4xx_gpio.o
    0x080009d2   0x080009d2   0x00000020   Code   RO         2047    i.GPIO_PinAFConfig  stm32f4xx_gpio.o
    0x080009f2   0x080009f2   0x00000002   Code   RO         5313    i.HardFault_Handler  stm32f4xx_it.o
    0x080009f4   0x080009f4   0x00000038   Code   RO         5581    i.IIC_Ack           myiic.o
    0x08000a2c   0x08000a2c   0x0000003c   Code   RO         5582    i.IIC_Init          myiic.o
    0x08000a68   0x08000a68   0x00000038   Code   RO         5583    i.IIC_NAck          myiic.o
    0x08000aa0   0x08000aa0   0x00000068   Code   RO         5584    i.IIC_Read_Byte     myiic.o
    0x08000b08   0x08000b08   0x00000060   Code   RO         5585    i.IIC_Send_Byte     myiic.o
    0x08000b68   0x08000b68   0x00000038   Code   RO         5586    i.IIC_Start         myiic.o
    0x08000ba0   0x08000ba0   0x0000003c   Code   RO         5587    i.IIC_Stop          myiic.o
    0x08000bdc   0x08000bdc   0x00000054   Code   RO         5588    i.IIC_Wait_Ack      myiic.o
    0x08000c30   0x08000c30   0x00000044   Code   RO         5647    i.MPU_Get_Accelerometer  mpu6050.o
    0x08000c74   0x08000c74   0x00000068   Code   RO         5649    i.MPU_Get_Temperature  mpu6050.o
    0x08000cdc   0x08000cdc   0x00000076   Code   RO         5650    i.MPU_Init          mpu6050.o
    0x08000d52   0x08000d52   0x0000003a   Code   RO         5651    i.MPU_Read_Byte     mpu6050.o
    0x08000d8c   0x08000d8c   0x00000070   Code   RO         5652    i.MPU_Read_Len      mpu6050.o
    0x08000dfc   0x08000dfc   0x0000000a   Code   RO         5653    i.MPU_Set_Accel_Fsr  mpu6050.o
    0x08000e06   0x08000e06   0x0000000a   Code   RO         5654    i.MPU_Set_Gyro_Fsr  mpu6050.o
    0x08000e10   0x08000e10   0x00000030   Code   RO         5655    i.MPU_Set_LPF       mpu6050.o
    0x08000e40   0x08000e40   0x0000002c   Code   RO         5656    i.MPU_Set_Rate      mpu6050.o
    0x08000e6c   0x08000e6c   0x00000044   Code   RO         5657    i.MPU_Write_Byte    mpu6050.o
    0x08000eb0   0x08000eb0   0x0000005a   Code   RO         5658    i.MPU_Write_Len     mpu6050.o
    0x08000f0a   0x08000f0a   0x00000002   Code   RO         5314    i.MemManage_Handler  stm32f4xx_it.o
    0x08000f0c   0x08000f0c   0x00000002   Code   RO         5315    i.NMI_Handler       stm32f4xx_it.o
    0x08000f0e   0x08000f0e   0x00000002   PAD
    0x08000f10   0x08000f10   0x00000068   Code   RO          164    i.NVIC_Init         misc.o
    0x08000f78   0x08000f78   0x00000014   Code   RO          165    i.NVIC_PriorityGroupConfig  misc.o
    0x08000f8c   0x08000f8c   0x00000028   Code   RO         5386    i.OLED_Clear        oled.o
    0x08000fb4   0x08000fb4   0x0000003c   Code   RO         5389    i.OLED_DrawPoint    oled.o
    0x08000ff0   0x08000ff0   0x0000015c   Code   RO         5391    i.OLED_Init         oled.o
    0x0800114c   0x0800114c   0x00000048   Code   RO         5392    i.OLED_Refresh_Gram  oled.o
    0x08001194   0x08001194   0x000000c8   Code   RO         5393    i.OLED_ShowChar     oled.o
    0x0800125c   0x0800125c   0x0000004e   Code   RO         5395    i.OLED_ShowString   oled.o
    0x080012aa   0x080012aa   0x00000002   PAD
    0x080012ac   0x080012ac   0x00000058   Code   RO         5396    i.OLED_WR_Byte      oled.o
    0x08001304   0x08001304   0x00000002   Code   RO         5316    i.PendSV_Handler    stm32f4xx_it.o
    0x08001306   0x08001306   0x00000002   PAD
    0x08001308   0x08001308   0x0000001c   Code   RO         2960    i.RCC_AHB1PeriphClockCmd  stm32f4xx_rcc.o
    0x08001324   0x08001324   0x0000001c   Code   RO         2972    i.RCC_APB2PeriphClockCmd  stm32f4xx_rcc.o
    0x08001340   0x08001340   0x000000a4   Code   RO         2981    i.RCC_GetClocksFreq  stm32f4xx_rcc.o
    0x080013e4   0x080013e4   0x00000002   Code   RO         5317    i.SVC_Handler       stm32f4xx_it.o
    0x080013e6   0x080013e6   0x00000002   PAD
    0x080013e8   0x080013e8   0x000000d4   Code   RO           13    i.SetSysClock       system_stm32f4xx.o
    0x080014bc   0x080014bc   0x0000001c   Code   RO          168    i.SysTick_CLKSourceConfig  misc.o
    0x080014d8   0x080014d8   0x00000002   Code   RO         5318    i.SysTick_Handler   stm32f4xx_it.o
    0x080014da   0x080014da   0x00000002   PAD
    0x080014dc   0x080014dc   0x0000005c   Code   RO           15    i.SystemInit        system_stm32f4xx.o
    0x08001538   0x08001538   0x0000000c   Code   RO         5161    i.TIM1_BRK_TIM9_IRQHandler  main.o
    0x08001544   0x08001544   0x00000018   Code   RO         4341    i.TIM_ARRPreloadConfig  stm32f4xx_tim.o
    0x0800155c   0x0800155c   0x00000006   Code   RO         4347    i.TIM_ClearFlag     stm32f4xx_tim.o
    0x08001562   0x08001562   0x00000018   Code   RO         4353    i.TIM_Cmd           stm32f4xx_tim.o
    0x0800157a   0x0800157a   0x00000014   Code   RO         4378    i.TIM_ITConfig      stm32f4xx_tim.o
    0x0800158e   0x0800158e   0x00000002   PAD
    0x08001590   0x08001590   0x00000068   Code   RO         4382    i.TIM_OC1Init       stm32f4xx_tim.o
    0x080015f8   0x080015f8   0x0000000c   Code   RO         4385    i.TIM_OC1PreloadConfig  stm32f4xx_tim.o
    0x08001604   0x08001604   0x00000088   Code   RO         4387    i.TIM_OC2Init       stm32f4xx_tim.o
    0x0800168c   0x0800168c   0x00000014   Code   RO         4390    i.TIM_OC2PreloadConfig  stm32f4xx_tim.o
    0x080016a0   0x080016a0   0x00000004   Code   RO         4415    i.TIM_SetCompare1   stm32f4xx_tim.o
    0x080016a4   0x080016a4   0x00000004   Code   RO         4416    i.TIM_SetCompare2   stm32f4xx_tim.o
    0x080016a8   0x080016a8   0x0000007c   Code   RO         4425    i.TIM_TimeBaseInit  stm32f4xx_tim.o
    0x08001724   0x08001724   0x00000068   Code   RO         5527    i.USART1_IRQHandler  usart.o
    0x0800178c   0x0800178c   0x00000018   Code   RO         4907    i.USART_Cmd         stm32f4xx_usart.o
    0x080017a4   0x080017a4   0x00000040   Code   RO         4911    i.USART_GetITStatus  stm32f4xx_usart.o
    0x080017e4   0x080017e4   0x00000036   Code   RO         4913    i.USART_ITConfig    stm32f4xx_usart.o
    0x0800181a   0x0800181a   0x00000002   PAD
    0x0800181c   0x0800181c   0x000000bc   Code   RO         4914    i.USART_Init        stm32f4xx_usart.o
    0x080018d8   0x080018d8   0x00000008   Code   RO         4921    i.USART_ReceiveData  stm32f4xx_usart.o
    0x080018e0   0x080018e0   0x00000002   Code   RO         5319    i.UsageFault_Handler  stm32f4xx_it.o
    0x080018e2   0x080018e2   0x00000002   PAD
    0x080018e4   0x080018e4   0x00000020   Code   RO         6553    i.__0printf         mc_w.l(printfa.o)
    0x08001904   0x08001904   0x00000028   Code   RO         6555    i.__0sprintf        mc_w.l(printfa.o)
    0x0800192c   0x0800192c   0x00000030   Code   RO         6627    i.__ARM_fpclassify  m_wm.l(fpclassify.o)
    0x0800195c   0x0800195c   0x00000004   PAD
    0x08001960   0x08001960   0x00000360   Code   RO         6285    i.__hardfp_asin     m_wm.l(asin.o)
    0x08001cc0   0x08001cc0   0x000002d8   Code   RO         6593    i.__hardfp_atan     m_wm.l(atan.o)
    0x08001f98   0x08001f98   0x000001f0   Code   RO         6299    i.__hardfp_atan2    m_wm.l(atan2.o)
    0x08002188   0x08002188   0x000000f8   Code   RO         6629    i.__kernel_poly     m_wm.l(poly.o)
    0x08002280   0x08002280   0x00000014   Code   RO         6608    i.__mathlib_dbl_infnan  m_wm.l(dunder.o)
    0x08002294   0x08002294   0x00000014   Code   RO         6609    i.__mathlib_dbl_infnan2  m_wm.l(dunder.o)
    0x080022a8   0x080022a8   0x00000020   Code   RO         6610    i.__mathlib_dbl_invalid  m_wm.l(dunder.o)
    0x080022c8   0x080022c8   0x00000020   Code   RO         6613    i.__mathlib_dbl_underflow  m_wm.l(dunder.o)
    0x080022e8   0x080022e8   0x0000000e   Code   RO         6694    i.__scatterload_copy  mc_w.l(handlers.o)
    0x080022f6   0x080022f6   0x00000002   Code   RO         6695    i.__scatterload_null  mc_w.l(handlers.o)
    0x080022f8   0x080022f8   0x0000000e   Code   RO         6696    i.__scatterload_zeroinit  mc_w.l(handlers.o)
    0x08002306   0x08002306   0x00000002   PAD
    0x08002308   0x08002308   0x0000000c   Code   RO         6668    i.__set_errno       mc_w.l(errno.o)
    0x08002314   0x08002314   0x00000184   Code   RO         6560    i._fp_digits        mc_w.l(printfa.o)
    0x08002498   0x08002498   0x000006dc   Code   RO         6561    i._printf_core      mc_w.l(printfa.o)
    0x08002b74   0x08002b74   0x00000024   Code   RO         6562    i._printf_post_padding  mc_w.l(printfa.o)
    0x08002b98   0x08002b98   0x0000002e   Code   RO         6563    i._printf_pre_padding  mc_w.l(printfa.o)
    0x08002bc6   0x08002bc6   0x0000000a   Code   RO         6565    i._sputc            mc_w.l(printfa.o)
    0x08002bd0   0x08002bd0   0x00000094   Code   RO         5949    i.accel_self_test   inv_mpu.o
    0x08002c64   0x08002c64   0x00000010   Code   RO         6595    i.atan              m_wm.l(atan.o)
    0x08002c74   0x08002c74   0x0000003c   Code   RO         5741    i.decode_gesture    inv_mpu_dmp_motion_driver.o
    0x08002cb0   0x08002cb0   0x0000002c   Code   RO         5483    i.delay_init        delay.o
    0x08002cdc   0x08002cdc   0x00000034   Code   RO         5484    i.delay_ms          delay.o
    0x08002d10   0x08002d10   0x00000034   Code   RO         5485    i.delay_us          delay.o
    0x08002d44   0x08002d44   0x00000034   Code   RO         5486    i.delay_xms         delay.o
    0x08002d78   0x08002d78   0x0000003c   Code   RO         5742    i.dmp_enable_6x_lp_quat  inv_mpu_dmp_motion_driver.o
    0x08002db4   0x08002db4   0x000001ec   Code   RO         5743    i.dmp_enable_feature  inv_mpu_dmp_motion_driver.o
    0x08002fa0   0x08002fa0   0x00000058   Code   RO         5744    i.dmp_enable_gyro_cal  inv_mpu_dmp_motion_driver.o
    0x08002ff8   0x08002ff8   0x0000003c   Code   RO         5745    i.dmp_enable_lp_quat  inv_mpu_dmp_motion_driver.o
    0x08003034   0x08003034   0x00000014   Code   RO         5750    i.dmp_load_motion_driver_firmware  inv_mpu_dmp_motion_driver.o
    0x08003048   0x08003048   0x00000184   Code   RO         5751    i.dmp_read_fifo     inv_mpu_dmp_motion_driver.o
    0x080031cc   0x080031cc   0x0000010c   Code   RO         5754    i.dmp_set_accel_bias  inv_mpu_dmp_motion_driver.o
    0x080032d8   0x080032d8   0x00000070   Code   RO         5755    i.dmp_set_fifo_rate  inv_mpu_dmp_motion_driver.o
    0x08003348   0x08003348   0x00000108   Code   RO         5756    i.dmp_set_gyro_bias  inv_mpu_dmp_motion_driver.o
    0x08003450   0x08003450   0x00000118   Code   RO         5758    i.dmp_set_orientation  inv_mpu_dmp_motion_driver.o
    0x08003568   0x08003568   0x00000030   Code   RO         5761    i.dmp_set_shake_reject_thresh  inv_mpu_dmp_motion_driver.o
    0x08003598   0x08003598   0x00000020   Code   RO         5762    i.dmp_set_shake_reject_time  inv_mpu_dmp_motion_driver.o
    0x080035b8   0x080035b8   0x00000020   Code   RO         5763    i.dmp_set_shake_reject_timeout  inv_mpu_dmp_motion_driver.o
    0x080035d8   0x080035d8   0x00000038   Code   RO         5764    i.dmp_set_tap_axes  inv_mpu_dmp_motion_driver.o
    0x08003610   0x08003610   0x00000022   Code   RO         5765    i.dmp_set_tap_count  inv_mpu_dmp_motion_driver.o
    0x08003632   0x08003632   0x00000002   PAD
    0x08003634   0x08003634   0x0000019c   Code   RO         5766    i.dmp_set_tap_thresh  inv_mpu_dmp_motion_driver.o
    0x080037d0   0x080037d0   0x00000020   Code   RO         5767    i.dmp_set_tap_time  inv_mpu_dmp_motion_driver.o
    0x080037f0   0x080037f0   0x00000020   Code   RO         5768    i.dmp_set_tap_time_multi  inv_mpu_dmp_motion_driver.o
    0x08003810   0x08003810   0x00000018   Code   RO         6623    i.fabs              m_wm.l(fabs.o)
    0x08003828   0x08003828   0x00000014   Code   RO         5529    i.fputc             usart.o
    0x0800383c   0x0800383c   0x000000b8   Code   RO         5950    i.get_accel_prod_shift  inv_mpu.o
    0x080038f4   0x080038f4   0x000003d8   Code   RO         5951    i.get_st_biases     inv_mpu.o
    0x08003ccc   0x08003ccc   0x000000d8   Code   RO         5952    i.gyro_self_test    inv_mpu.o
    0x08003da4   0x08003da4   0x00000024   Code   RO         5953    i.inv_orientation_matrix_to_scalar  inv_mpu.o
    0x08003dc8   0x08003dc8   0x00000048   Code   RO         5954    i.inv_row_2_scale   inv_mpu.o
    0x08003e10   0x08003e10   0x000001fc   Code   RO         5162    i.main              main.o
    0x0800400c   0x0800400c   0x000000d8   Code   RO         5163    i.main_init         main.o
    0x080040e4   0x080040e4   0x00000002   Code   RO         5955    i.mget_ms           inv_mpu.o
    0x080040e6   0x080040e6   0x00000002   PAD
    0x080040e8   0x080040e8   0x00000060   Code   RO         5956    i.mpu_configure_fifo  inv_mpu.o
    0x08004148   0x08004148   0x00000164   Code   RO         5957    i.mpu_dmp_get_data  inv_mpu.o
    0x080042ac   0x080042ac   0x00000094   Code   RO         5958    i.mpu_dmp_init      inv_mpu.o
    0x08004340   0x08004340   0x00000044   Code   RO         5959    i.mpu_get_accel_fsr  inv_mpu.o
    0x08004384   0x08004384   0x0000004c   Code   RO         5961    i.mpu_get_accel_sens  inv_mpu.o
    0x080043d0   0x080043d0   0x00000010   Code   RO         5966    i.mpu_get_fifo_config  inv_mpu.o
    0x080043e0   0x080043e0   0x00000040   Code   RO         5967    i.mpu_get_gyro_fsr  inv_mpu.o
    0x08004420   0x08004420   0x00000058   Code   RO         5969    i.mpu_get_gyro_sens  inv_mpu.o
    0x08004478   0x08004478   0x00000044   Code   RO         5971    i.mpu_get_lpf       inv_mpu.o
    0x080044bc   0x080044bc   0x0000001c   Code   RO         5973    i.mpu_get_sample_rate  inv_mpu.o
    0x080044d8   0x080044d8   0x000001ac   Code   RO         5975    i.mpu_init          inv_mpu.o
    0x08004684   0x08004684   0x000000b4   Code   RO         5976    i.mpu_load_firmware  inv_mpu.o
    0x08004738   0x08004738   0x000000d0   Code   RO         5977    i.mpu_lp_accel_mode  inv_mpu.o
    0x08004808   0x08004808   0x000000ac   Code   RO         5980    i.mpu_read_fifo_stream  inv_mpu.o
    0x080048b4   0x080048b4   0x00000070   Code   RO         5981    i.mpu_read_mem      inv_mpu.o
    0x08004924   0x08004924   0x0000016c   Code   RO         5984    i.mpu_reset_fifo    inv_mpu.o
    0x08004a90   0x08004a90   0x000000f8   Code   RO         5985    i.mpu_run_self_test  inv_mpu.o
    0x08004b88   0x08004b88   0x00000074   Code   RO         5987    i.mpu_set_accel_fsr  inv_mpu.o
    0x08004bfc   0x08004bfc   0x00000118   Code   RO         5988    i.mpu_set_bypass    inv_mpu.o
    0x08004d14   0x08004d14   0x0000007c   Code   RO         5990    i.mpu_set_dmp_state  inv_mpu.o
    0x08004d90   0x08004d90   0x00000078   Code   RO         5991    i.mpu_set_gyro_fsr  inv_mpu.o
    0x08004e08   0x08004e08   0x00000060   Code   RO         5992    i.mpu_set_int_latched  inv_mpu.o
    0x08004e68   0x08004e68   0x0000007c   Code   RO         5994    i.mpu_set_lpf       inv_mpu.o
    0x08004ee4   0x08004ee4   0x00000084   Code   RO         5995    i.mpu_set_sample_rate  inv_mpu.o
    0x08004f68   0x08004f68   0x000000b0   Code   RO         5996    i.mpu_set_sensors   inv_mpu.o
    0x08005018   0x08005018   0x00000070   Code   RO         5997    i.mpu_write_mem     inv_mpu.o
    0x08005088   0x08005088   0x00000088   Code   RO         5998    i.run_self_test     inv_mpu.o
    0x08005110   0x08005110   0x00000074   Code   RO         5999    i.set_int_enable    inv_mpu.o
    0x08005184   0x08005184   0x0000006e   Code   RO         6634    i.sqrt              m_wm.l(sqrt.o)
    0x080051f2   0x080051f2   0x00000002   PAD
    0x080051f4   0x080051f4   0x00000104   Code   RO         5164    i.timer_init        main.o
    0x080052f8   0x080052f8   0x000000ac   Code   RO         5530    i.uart_init         usart.o
    0x080053a4   0x080053a4   0x000017c0   Data   RO         5399    .constdata          oled.o
    0x08006b64   0x08006b64   0x00000bf6   Data   RO         5770    .constdata          inv_mpu_dmp_motion_driver.o
    0x0800775a   0x0800775a   0x0000001b   Data   RO         6001    .constdata          inv_mpu.o
    0x08007775   0x08007775   0x00000001   PAD
    0x08007776   0x08007776   0x0000000c   Data   RO         6002    .constdata          inv_mpu.o
    0x08007782   0x08007782   0x00000002   PAD
    0x08007784   0x08007784   0x00000028   Data   RO         6003    .constdata          inv_mpu.o
    0x080077ac   0x080077ac   0x00000004   PAD
    0x080077b0   0x080077b0   0x00000050   Data   RO         6288    .constdata          m_wm.l(asin.o)
    0x08007800   0x08007800   0x00000098   Data   RO         6596    .constdata          m_wm.l(atan.o)
    0x08007898   0x08007898   0x00000008   Data   RO         6631    .constdata          m_wm.l(qnan.o)
    0x080078a0   0x080078a0   0x0000004d   Data   RO         6004    .conststring        inv_mpu.o
    0x080078ed   0x080078ed   0x00000003   PAD
    0x080078f0   0x080078f0   0x00000020   Data   RO         6692    Region$$Table       anon$$obj.o


    Execution Region RW_IRAM1 (Exec base: 0x20000000, Load base: 0x08007910, Size: 0x00000930, Max: 0x00030000, ABSOLUTE)

    Exec Addr    Load Addr    Size         Type   Attr      Idx    E Section Name        Object

    0x20000000   0x08007910   0x00000010   Data   RW         3013    .data               stm32f4xx_rcc.o
    0x20000010   0x08007920   0x00000004   Data   RW         5487    .data               delay.o
    0x20000014   0x08007924   0x00000002   Data   RW         5532    .data               usart.o
    0x20000016   0x08007926   0x00000002   PAD
    0x20000018   0x08007928   0x00000004   Data   RW         5533    .data               usart.o
    0x2000001c   0x0800792c   0x00000035   Data   RW         6005    .data               inv_mpu.o
    0x20000051   0x08007961   0x00000003   PAD
    0x20000054   0x08007964   0x00000004   Data   RW         6669    .data               mc_w.l(errno.o)
    0x20000058        -       0x00000400   Zero   RW         5398    .bss                oled.o
    0x20000458        -       0x000000c8   Zero   RW         5531    .bss                usart.o
    0x20000520        -       0x00000010   Zero   RW         5769    .bss                inv_mpu_dmp_motion_driver.o
    0x20000530        -       0x00000400   Zero   RW            1    STACK               startup_stm32f429_439xx.o


==============================================================================

Image component sizes


      Code (inc. data)   RO Data    RW Data    ZI Data      Debug   Object Name

       200         18          0          4          0       2575   delay.o
      5894        302        156         53          0      34940   inv_mpu.o
      2770        132       3062          0         16      21882   inv_mpu_dmp_motion_driver.o
       996        184          0          0          0     271239   main.o
       152         16          0          0          0       2421   misc.o
       730         20          0          0          0       7957   mpu6050.o
       572         70          0          0          0       4666   myiic.o
       886         82       6080          0       1024       6217   oled.o
        36          8        428          0       1024        972   startup_stm32f429_439xx.o
       156          0          0          0          0       1991   stm32f4xx_gpio.o
        18          0          0          0          0       4190   stm32f4xx_it.o
       220         28          0         16          0       4526   stm32f4xx_rcc.o
       478         44          0          0          0       8553   stm32f4xx_tim.o
       338          8          0          0          0       4982   stm32f4xx_usart.o
       304         34          0          0          0     296085   system_stm32f4xx.o
       296         26          0          6        200       3928   usart.o

    ----------------------------------------------------------------------
     14066        972       9768         84       2264     677124   Object Totals
         0          0         32          0          0          0   (incl. Generated)
        20          0         10          5          0          0   (incl. Padding)

    ----------------------------------------------------------------------

      Code (inc. data)   RO Data    RW Data    ZI Data      Debug   Library Member Name

       864         94         80          0          0        280   asin.o
       744        106        152          0          0        352   atan.o
       496         64          0          0          0        192   atan2.o
       104         16          0          0          0        496   dunder.o
        24          0          0          0          0        124   fabs.o
        48          0          0          0          0        124   fpclassify.o
       248          0          0          0          0        152   poly.o
         0          0          8          0          0          0   qnan.o
       110          0          0          0          0        148   sqrt.o
         0          0          0          0          0          0   entry.o
         0          0          0          0          0          0   entry10a.o
         0          0          0          0          0          0   entry11a.o
         8          4          0          0          0          0   entry2.o
         4          0          0          0          0          0   entry5.o
         0          0          0          0          0          0   entry7b.o
         0          0          0          0          0          0   entry8b.o
         8          4          0          0          0          0   entry9a.o
        12          6          0          4          0         68   errno.o
        30          0          0          0          0          0   handlers.o
        36          8          0          0          0         68   init.o
         0          0          0          0          0          0   iusefp.o
        98          0          0          0          0         84   ldiv.o
        30          0          0          0          0         68   llshl.o
        36          0          0          0          0         68   llsshr.o
        32          0          0          0          0         68   llushr.o
        26          0          0          0          0         80   memcmp.o
        36          0          0          0          0        108   memseta.o
      2308         96          0          0          0        604   printfa.o
        44          0          0          0          0         80   uidiv.o
        98          0          0          0          0         92   uldiv.o
        48          0          0          0          0         68   cdrcmple.o
        56          0          0          0          0         88   d2f.o
       334          0          0          0          0        148   dadd.o
       222          0          0          0          0        100   ddiv.o
       186          0          0          0          0        176   depilogue.o
        48          0          0          0          0         68   dfixul.o
        34          0          0          0          0         76   dflti.o
       228          0          0          0          0         96   dmul.o
       162          0          0          0          0        100   dsqrt.o
        38          0          0          0          0         68   f2d.o
       110          0          0          0          0        168   fepilogue.o

    ----------------------------------------------------------------------
      6918        398        240          4          0       4412   Library Totals
         8          0          0          0          0          0   (incl. Padding)

    ----------------------------------------------------------------------

      Code (inc. data)   RO Data    RW Data    ZI Data      Debug   Library Name

      2638        280        240          0          0       1868   m_wm.l
      2806        118          0          4          0       1388   mc_w.l
      1466          0          0          0          0       1156   mf_w.l

    ----------------------------------------------------------------------
      6918        398        240          4          0       4412   Library Totals

    ----------------------------------------------------------------------

==============================================================================


      Code (inc. data)   RO Data    RW Data    ZI Data      Debug   

     20984       1370      10008         88       2264     667340   Grand Totals
     20984       1370      10008         88       2264     667340   ELF Image Totals
     20984       1370      10008         88          0          0   ROM Totals

==============================================================================

    Total RO  Size (Code + RO Data)                30992 (  30.27kB)
    Total RW  Size (RW Data + ZI Data)              2352 (   2.30kB)
    Total ROM Size (Code + RO Data + RW Data)      31080 (  30.35kB)

==============================================================================

